Archive member included to satisfy reference by file (symbol)

C:/arm-toolchain/arm-gnu-toolchain-13.3.rel1-mingw-w64-i686-arm-none-eabi/arm-gnu-toolchain-13.3.rel1-mingw-w64-i686-arm-none-eabi/bin/../lib/gcc/arm-none-eabi/13.3.1/thumb/v7e-m+fp/hard\libc_nano.a(libc_a-exit.o)
                              C:/arm-toolchain/arm-gnu-toolchain-13.3.rel1-mingw-w64-i686-arm-none-eabi/arm-gnu-toolchain-13.3.rel1-mingw-w64-i686-arm-none-eabi/bin/../lib/gcc/arm-none-eabi/13.3.1/thumb/v7e-m+fp/hard/crt0.o (exit)
C:/arm-toolchain/arm-gnu-toolchain-13.3.rel1-mingw-w64-i686-arm-none-eabi/arm-gnu-toolchain-13.3.rel1-mingw-w64-i686-arm-none-eabi/bin/../lib/gcc/arm-none-eabi/13.3.1/thumb/v7e-m+fp/hard\libc_nano.a(libc_a-findfp.o)
                              C:/arm-toolchain/arm-gnu-toolchain-13.3.rel1-mingw-w64-i686-arm-none-eabi/arm-gnu-toolchain-13.3.rel1-mingw-w64-i686-arm-none-eabi/bin/../lib/gcc/arm-none-eabi/13.3.1/thumb/v7e-m+fp/hard\libc_nano.a(libc_a-exit.o) (__stdio_exit_handler)
C:/arm-toolchain/arm-gnu-toolchain-13.3.rel1-mingw-w64-i686-arm-none-eabi/arm-gnu-toolchain-13.3.rel1-mingw-w64-i686-arm-none-eabi/bin/../lib/gcc/arm-none-eabi/13.3.1/thumb/v7e-m+fp/hard\libc_nano.a(libc_a-fwalk.o)
                              C:/arm-toolchain/arm-gnu-toolchain-13.3.rel1-mingw-w64-i686-arm-none-eabi/arm-gnu-toolchain-13.3.rel1-mingw-w64-i686-arm-none-eabi/bin/../lib/gcc/arm-none-eabi/13.3.1/thumb/v7e-m+fp/hard\libc_nano.a(libc_a-findfp.o) (_fwalk_sglue)
C:/arm-toolchain/arm-gnu-toolchain-13.3.rel1-mingw-w64-i686-arm-none-eabi/arm-gnu-toolchain-13.3.rel1-mingw-w64-i686-arm-none-eabi/bin/../lib/gcc/arm-none-eabi/13.3.1/thumb/v7e-m+fp/hard\libc_nano.a(libc_a-stdio.o)
                              C:/arm-toolchain/arm-gnu-toolchain-13.3.rel1-mingw-w64-i686-arm-none-eabi/arm-gnu-toolchain-13.3.rel1-mingw-w64-i686-arm-none-eabi/bin/../lib/gcc/arm-none-eabi/13.3.1/thumb/v7e-m+fp/hard\libc_nano.a(libc_a-findfp.o) (__sread)
C:/arm-toolchain/arm-gnu-toolchain-13.3.rel1-mingw-w64-i686-arm-none-eabi/arm-gnu-toolchain-13.3.rel1-mingw-w64-i686-arm-none-eabi/bin/../lib/gcc/arm-none-eabi/13.3.1/thumb/v7e-m+fp/hard\libc_nano.a(libc_a-memset.o)
                              C:/arm-toolchain/arm-gnu-toolchain-13.3.rel1-mingw-w64-i686-arm-none-eabi/arm-gnu-toolchain-13.3.rel1-mingw-w64-i686-arm-none-eabi/bin/../lib/gcc/arm-none-eabi/13.3.1/thumb/v7e-m+fp/hard/crt0.o (memset)
C:/arm-toolchain/arm-gnu-toolchain-13.3.rel1-mingw-w64-i686-arm-none-eabi/arm-gnu-toolchain-13.3.rel1-mingw-w64-i686-arm-none-eabi/bin/../lib/gcc/arm-none-eabi/13.3.1/thumb/v7e-m+fp/hard\libc_nano.a(libc_a-closer.o)
                              C:/arm-toolchain/arm-gnu-toolchain-13.3.rel1-mingw-w64-i686-arm-none-eabi/arm-gnu-toolchain-13.3.rel1-mingw-w64-i686-arm-none-eabi/bin/../lib/gcc/arm-none-eabi/13.3.1/thumb/v7e-m+fp/hard\libc_nano.a(libc_a-stdio.o) (_close_r)
C:/arm-toolchain/arm-gnu-toolchain-13.3.rel1-mingw-w64-i686-arm-none-eabi/arm-gnu-toolchain-13.3.rel1-mingw-w64-i686-arm-none-eabi/bin/../lib/gcc/arm-none-eabi/13.3.1/thumb/v7e-m+fp/hard\libc_nano.a(libc_a-reent.o)
                              C:/arm-toolchain/arm-gnu-toolchain-13.3.rel1-mingw-w64-i686-arm-none-eabi/arm-gnu-toolchain-13.3.rel1-mingw-w64-i686-arm-none-eabi/bin/../lib/gcc/arm-none-eabi/13.3.1/thumb/v7e-m+fp/hard\libc_nano.a(libc_a-closer.o) (errno)
C:/arm-toolchain/arm-gnu-toolchain-13.3.rel1-mingw-w64-i686-arm-none-eabi/arm-gnu-toolchain-13.3.rel1-mingw-w64-i686-arm-none-eabi/bin/../lib/gcc/arm-none-eabi/13.3.1/thumb/v7e-m+fp/hard\libc_nano.a(libc_a-impure.o)
                              C:/arm-toolchain/arm-gnu-toolchain-13.3.rel1-mingw-w64-i686-arm-none-eabi/arm-gnu-toolchain-13.3.rel1-mingw-w64-i686-arm-none-eabi/bin/../lib/gcc/arm-none-eabi/13.3.1/thumb/v7e-m+fp/hard\libc_nano.a(libc_a-reent.o) (_impure_ptr)
C:/arm-toolchain/arm-gnu-toolchain-13.3.rel1-mingw-w64-i686-arm-none-eabi/arm-gnu-toolchain-13.3.rel1-mingw-w64-i686-arm-none-eabi/bin/../lib/gcc/arm-none-eabi/13.3.1/thumb/v7e-m+fp/hard\libc_nano.a(libc_a-lseekr.o)
                              C:/arm-toolchain/arm-gnu-toolchain-13.3.rel1-mingw-w64-i686-arm-none-eabi/arm-gnu-toolchain-13.3.rel1-mingw-w64-i686-arm-none-eabi/bin/../lib/gcc/arm-none-eabi/13.3.1/thumb/v7e-m+fp/hard\libc_nano.a(libc_a-stdio.o) (_lseek_r)
C:/arm-toolchain/arm-gnu-toolchain-13.3.rel1-mingw-w64-i686-arm-none-eabi/arm-gnu-toolchain-13.3.rel1-mingw-w64-i686-arm-none-eabi/bin/../lib/gcc/arm-none-eabi/13.3.1/thumb/v7e-m+fp/hard\libc_nano.a(libc_a-readr.o)
                              C:/arm-toolchain/arm-gnu-toolchain-13.3.rel1-mingw-w64-i686-arm-none-eabi/arm-gnu-toolchain-13.3.rel1-mingw-w64-i686-arm-none-eabi/bin/../lib/gcc/arm-none-eabi/13.3.1/thumb/v7e-m+fp/hard\libc_nano.a(libc_a-stdio.o) (_read_r)
C:/arm-toolchain/arm-gnu-toolchain-13.3.rel1-mingw-w64-i686-arm-none-eabi/arm-gnu-toolchain-13.3.rel1-mingw-w64-i686-arm-none-eabi/bin/../lib/gcc/arm-none-eabi/13.3.1/thumb/v7e-m+fp/hard\libc_nano.a(libc_a-writer.o)
[...]
Memory Configuration

Name             Origin             Length             Attributes
RAM              0x20000000         0x00030000         xrw
CCMRAM           0x10000000         0x00010000         xrw
FLASH            0x08000000         0x00200000         xr
*default*        0x00000000         0xffffffff

Linker script and memory map

LOAD C:/arm-toolchain/arm-gnu-toolchain-13.3.rel1-mingw-w64-i686-arm-none-eabi/arm-gnu-toolchain-13.3.rel1-mingw-w64-i686-arm-none-eabi/bin/../lib/gcc/arm-none-eabi/13.3.1/thumb/v7e-m+fp/hard/crti.o
LOAD C:/arm-toolchain/arm-gnu-toolchain-13.3.rel1-mingw-w64-i686-arm-none-eabi/arm-gnu-toolchain-13.3.rel1-mingw-w64-i686-arm-none-eabi/bin/../lib/gcc/arm-none-eabi/13.3.1/thumb/v7e-m+fp/hard/crtbegin.o
LOAD C:/arm-toolchain/arm-gnu-toolchain-13.3.rel1-mingw-w64-i686-arm-none-eabi/arm-gnu-toolchain-13.3.rel1-mingw-w64-i686-arm-none-eabi/bin/../lib/gcc/arm-none-eabi/13.3.1/thumb/v7e-m+fp/hard/crt0.o
START GROUP
LOAD C:/arm-toolchain/arm-gnu-toolchain-13.3.rel1-mingw-w64-i686-arm-none-eabi/arm-gnu-toolchain-13.3.rel1-mingw-w64-i686-arm-none-eabi/bin/../lib/gcc/arm-none-eabi/13.3.1/thumb/v7e-m+fp/hard\libc_nano.a
LOAD C:/arm-toolchain/arm-gnu-toolchain-13.3.rel1-mingw-w64-i686-arm-none-eabi/arm-gnu-toolchain-13.3.rel1-mingw-w64-i686-arm-none-eabi/bin/../lib/gcc/arm-none-eabi/13.3.1/thumb/v7e-m+fp/hard\libm.a
END GROUP
LOAD cmake/stm32cubemx/CMakeFiles/STM32_Drivers.dir/__/__/Core/Src/system_stm32f4xx.c.obj
LOAD cmake/stm32cubemx/CMakeFiles/STM32_Drivers.dir/__/__/Drivers/STM32F4xx_HAL_Driver/Src/stm32f4xx_hal_tim.c.obj
LOAD cmake/stm32cubemx/CMakeFiles/STM32_Drivers.dir/__/__/Drivers/STM32F4xx_HAL_Driver/Src/stm32f4xx_hal_tim_ex.c.obj
LOAD cmake/stm32cubemx/CMakeFiles/STM32_Drivers.dir/__/__/Drivers/STM32F4xx_HAL_Driver/Src/stm32f4xx_hal_rcc.c.obj
LOAD cmake/stm32cubemx/CMakeFiles/STM32_Drivers.dir/__/__/Drivers/STM32F4xx_HAL_Driver/Src/stm32f4xx_hal_rcc_ex.c.obj
LOAD cmake/stm32cubemx/CMakeFiles/STM32_Drivers.dir/__/__/Drivers/STM32F4xx_HAL_Driver/Src/stm32f4xx_hal_flash.c.obj
LOAD cmake/stm32cubemx/CMakeFiles/STM32_Drivers.dir/__/__/Drivers/STM32F4xx_HAL_Driver/Src/stm32f4xx_hal_flash_ex.c.obj
LOAD cmake/stm32cubemx/CMakeFiles/STM32_Drivers.dir/__/__/Drivers/STM32F4xx_HAL_Driver/Src/stm32f4xx_hal_flash_ramfunc.c.obj
LOAD cmake/stm32cubemx/CMakeFiles/STM32_Drivers.dir/__/__/Drivers/STM32F4xx_HAL_Driver/Src/stm32f4xx_hal_gpio.c.obj
LOAD cmake/stm32cubemx/CMakeFiles/STM32_Drivers.dir/__/__/Drivers/STM32F4xx_HAL_Driver/Src/stm32f4xx_hal_dma_ex.c.obj
LOAD cmake/stm32cubemx/CMakeFiles/STM32_Drivers.dir/__/__/Drivers/STM32F4xx_HAL_Driver/Src/stm32f4xx_hal_dma.c.obj
LOAD cmake/stm32cubemx/CMakeFiles/STM32_Drivers.dir/__/__/Drivers/STM32F4xx_HAL_Driver/Src/stm32f4xx_hal_pwr.c.obj
LOAD cmake/stm32cubemx/CMakeFiles/STM32_Drivers.dir/__/__/Drivers/STM32F4xx_HAL_Driver/Src/stm32f4xx_hal_pwr_ex.c.obj
LOAD cmake/stm32cubemx/CMakeFiles/STM32_Drivers.dir/__/__/Drivers/STM32F4xx_HAL_Driver/Src/stm32f4xx_hal_cortex.c.obj
LOAD cmake/stm32cubemx/CMakeFiles/STM32_Drivers.dir/__/__/Drivers/STM32F4xx_HAL_Driver/Src/stm32f4xx_hal.c.obj
LOAD cmake/stm32cubemx/CMakeFiles/STM32_Drivers.dir/__/__/Drivers/STM32F4xx_HAL_Driver/Src/stm32f4xx_hal_exti.c.obj
LOAD cmake/stm32cubemx/CMakeFiles/STM32_Drivers.dir/__/__/Drivers/STM32F4xx_HAL_Driver/Src/stm32f4xx_hal_eth.c.obj
LOAD cmake/stm32cubemx/CMakeFiles/STM32_Drivers.dir/__/__/Drivers/STM32F4xx_HAL_Driver/Src/stm32f4xx_hal_iwdg.c.obj
LOAD cmake/stm32cubemx/CMakeFiles/STM32_Drivers.dir/__/__/Drivers/STM32F4xx_HAL_Driver/Src/stm32f4xx_hal_uart.c.obj
LOAD cmake/stm32cubemx/CMakeFiles/STM32_Drivers.dir/__/__/Drivers/BSP/Components/lan8742/lan8742.c.obj
LOAD cmake/stm32cubemx/CMakeFiles/FreeRTOS.dir/__/__/Middlewares/Third_Party/FreeRTOS/Source/croutine.c.obj
LOAD cmake/stm32cubemx/CMakeFiles/FreeRTOS.dir/__/__/Middlewares/Third_Party/FreeRTOS/Source/event_groups.c.obj
LOAD cmake/stm32cubemx/CMakeFiles/FreeRTOS.dir/__/__/Middlewares/Third_Party/FreeRTOS/Source/list.c.obj
LOAD cmake/stm32cubemx/CMakeFiles/FreeRTOS.dir/__/__/Middlewares/Third_Party/FreeRTOS/Source/queue.c.obj
LOAD cmake/stm32cubemx/CMakeFiles/FreeRTOS.dir/__/__/Middlewares/Third_Party/FreeRTOS/Source/stream_buffer.c.obj
LOAD cmake/stm32cubemx/CMakeFiles/FreeRTOS.dir/__/__/Middlewares/Third_Party/FreeRTOS/Source/tasks.c.obj
LOAD cmake/stm32cubemx/CMakeFiles/FreeRTOS.dir/__/__/Middlewares/Third_Party/FreeRTOS/Source/timers.c.obj
LOAD cmake/stm32cubemx/CMakeFiles/FreeRTOS.dir/__/__/Middlewares/Third_Party/FreeRTOS/Source/CMSIS_RTOS_V2/cmsis_os2.c.obj
LOAD cmake/stm32cubemx/CMakeFiles/FreeRTOS.dir/__/__/Middlewares/Third_Party/FreeRTOS/Source/portable/MemMang/heap_4.c.obj
LOAD cmake/stm32cubemx/CMakeFiles/FreeRTOS.dir/__/__/Middlewares/Third_Party/FreeRTOS/Source/portable/GCC/ARM_CM4F/port.c.obj
LOAD cmake/stm32cubemx/CMakeFiles/LwIP.dir/__/__/Middlewares/Third_Party/LwIP/src/netif/ppp/auth.c.obj
LOAD cmake/stm32cubemx/CMakeFiles/LwIP.dir/__/__/Middlewares/Third_Party/LwIP/src/netif/ppp/ccp.c.obj
LOAD cmake/stm32cubemx/CMakeFiles/LwIP.dir/__/__/Middlewares/Third_Party/LwIP/src/netif/ppp/chap_ms.c.obj
LOAD cmake/stm32cubemx/CMakeFiles/LwIP.dir/__/__/Middlewares/Third_Party/LwIP/src/netif/ppp/chap-md5.c.obj
LOAD cmake/stm32cubemx/CMakeFiles/LwIP.dir/__/__/Middlewares/Third_Party/LwIP/src/netif/ppp/chap-new.c.obj
LOAD cmake/stm32cubemx/CMakeFiles/LwIP.dir/__/__/Middlewares/Third_Party/LwIP/src/netif/ppp/demand.c.obj
LOAD cmake/stm32cubemx/CMakeFiles/LwIP.dir/__/__/Middlewares/Third_Party/LwIP/src/netif/ppp/eap.c.obj
LOAD cmake/stm32cubemx/CMakeFiles/LwIP.dir/__/__/Middlewares/Third_Party/LwIP/src/netif/ppp/eui64.c.obj
LOAD cmake/stm32cubemx/CMakeFiles/LwIP.dir/__/__/Middlewares/Third_Party/LwIP/src/netif/ppp/fsm.c.obj
LOAD cmake/stm32cubemx/CMakeFiles/LwIP.dir/__/__/Middlewares/Third_Party/LwIP/src/netif/ppp/ipcp.c.obj
LOAD cmake/stm32cubemx/CMakeFiles/LwIP.dir/__/__/Middlewares/Third_Party/LwIP/src/netif/ppp/ipv6cp.c.obj
LOAD cmake/stm32cubemx/CMakeFiles/LwIP.dir/__/__/Middlewares/Third_Party/LwIP/src/netif/ppp/lcp.c.obj
LOAD cmake/stm32cubemx/CMakeFiles/LwIP.dir/__/__/Middlewares/Third_Party/LwIP/src/netif/ppp/magic.c.obj
LOAD cmake/stm32cubemx/CMakeFiles/LwIP.dir/__/__/Middlewares/Third_Party/LwIP/src/netif/ppp/mppe.c.obj
LOAD cmake/stm32cubemx/CMakeFiles/LwIP.dir/__/__/Middlewares/Third_Party/LwIP/src/netif/ppp/multilink.c.obj
LOAD cmake/stm32cubemx/CMakeFiles/LwIP.dir/__/__/Middlewares/Third_Party/LwIP/src/netif/ppp/ppp.c.obj
LOAD cmake/stm32cubemx/CMakeFiles/LwIP.dir/__/__/Middlewares/Third_Party/LwIP/src/netif/ppp/pppapi.c.obj
LOAD cmake/stm32cubemx/CMakeFiles/LwIP.dir/__/__/Middlewares/Third_Party/LwIP/src/netif/ppp/pppcrypt.c.obj
LOAD cmake/stm32cubemx/CMakeFiles/LwIP.dir/__/__/Middlewares/Third_Party/LwIP/src/netif/ppp/pppoe.c.obj
LOAD cmake/stm32cubemx/CMakeFiles/LwIP.dir/__/__/Middlewares/Third_Party/LwIP/src/netif/ppp/pppol2tp.c.obj
LOAD cmake/stm32cubemx/CMakeFiles/LwIP.dir/__/__/Middlewares/Third_Party/LwIP/src/netif/ppp/pppos.c.obj
LOAD cmake/stm32cubemx/CMakeFiles/LwIP.dir/__/__/Middlewares/Third_Party/LwIP/src/netif/ppp/upap.c.obj
LOAD cmake/stm32cubemx/CMakeFiles/LwIP.dir/__/__/Middlewares/Third_Party/LwIP/src/netif/ppp/utils.c.obj
LOAD cmake/stm32cubemx/CMakeFiles/LwIP.dir/__/__/Middlewares/Third_Party/LwIP/src/netif/ppp/vj.c.obj
LOAD cmake/stm32cubemx/CMakeFiles/LwIP.dir/__/__/Middlewares/Third_Party/LwIP/src/netif/bridgeif.c.obj
LOAD cmake/stm32cubemx/CMakeFiles/LwIP.dir/__/__/Middlewares/Third_Party/LwIP/src/netif/bridgeif_fdb.c.obj
LOAD cmake/stm32cubemx/CMakeFiles/LwIP.dir/__/__/Middlewares/Third_Party/LwIP/src/netif/ethernet.c.obj
LOAD cmake/stm32cubemx/CMakeFiles/LwIP.dir/__/__/Middlewares/Third_Party/LwIP/src/netif/lowpan6.c.obj
LOAD cmake/stm32cubemx/CMakeFiles/LwIP.dir/__/__/Middlewares/Third_Party/LwIP/src/netif/lowpan6_ble.c.obj
LOAD cmake/stm32cubemx/CMakeFiles/LwIP.dir/__/__/Middlewares/Third_Party/LwIP/src/netif/lowpan6_common.c.obj
LOAD cmake/stm32cubemx/CMakeFiles/LwIP.dir/__/__/Middlewares/Third_Party/LwIP/src/netif/slipif.c.obj
LOAD cmake/stm32cubemx/CMakeFiles/LwIP.dir/__/__/Middlewares/Third_Party/LwIP/src/netif/zepif.c.obj
LOAD cmake/stm32cubemx/CMakeFiles/LwIP.dir/__/__/Middlewares/Third_Party/LwIP/src/netif/ppp/ecp.c.obj
LOAD cmake/stm32cubemx/CMakeFiles/LwIP.dir/__/__/Middlewares/Third_Party/LwIP/src/api/api_lib.c.obj
LOAD cmake/stm32cubemx/CMakeFiles/LwIP.dir/__/__/Middlewares/Third_Party/LwIP/src/api/api_msg.c.obj
LOAD cmake/stm32cubemx/CMakeFiles/LwIP.dir/__/__/Middlewares/Third_Party/LwIP/src/api/err.c.obj
LOAD cmake/stm32cubemx/CMakeFiles/LwIP.dir/__/__/Middlewares/Third_Party/LwIP/src/api/if_api.c.obj
LOAD cmake/stm32cubemx/CMakeFiles/LwIP.dir/__/__/Middlewares/Third_Party/LwIP/src/api/netbuf.c.obj
LOAD cmake/stm32cubemx/CMakeFiles/LwIP.dir/__/__/Middlewares/Third_Party/LwIP/src/api/netdb.c.obj
LOAD cmake/stm32cubemx/CMakeFiles/LwIP.dir/__/__/Middlewares/Third_Party/LwIP/src/api/netifapi.c.obj
LOAD cmake/stm32cubemx/CMakeFiles/LwIP.dir/__/__/Middlewares/Third_Party/LwIP/src/api/sockets.c.obj
LOAD cmake/stm32cubemx/CMakeFiles/LwIP.dir/__/__/Middlewares/Third_Party/LwIP/src/api/tcpip.c.obj
LOAD cmake/stm32cubemx/CMakeFiles/LwIP.dir/__/__/Middlewares/Third_Party/LwIP/src/core/altcp.c.obj
LOAD cmake/stm32cubemx/CMakeFiles/LwIP.dir/__/__/Middlewares/Third_Party/LwIP/src/core/altcp_alloc.c.obj
LOAD cmake/stm32cubemx/CMakeFiles/LwIP.dir/__/__/Middlewares/Third_Party/LwIP/src/core/altcp_tcp.c.obj
LOAD cmake/stm32cubemx/CMakeFiles/LwIP.dir/__/__/Middlewares/Third_Party/LwIP/src/core/def.c.obj
LOAD cmake/stm32cubemx/CMakeFiles/LwIP.dir/__/__/Middlewares/Third_Party/LwIP/src/core/dns.c.obj
LOAD cmake/stm32cubemx/CMakeFiles/LwIP.dir/__/__/Middlewares/Third_Party/LwIP/src/core/inet_chksum.c.obj
LOAD cmake/stm32cubemx/CMakeFiles/LwIP.dir/__/__/Middlewares/Third_Party/LwIP/src/core/init.c.obj
LOAD cmake/stm32cubemx/CMakeFiles/LwIP.dir/__/__/Middlewares/Third_Party/LwIP/src/core/ip.c.obj
LOAD cmake/stm32cubemx/CMakeFiles/LwIP.dir/__/__/Middlewares/Third_Party/LwIP/src/core/mem.c.obj
LOAD cmake/stm32cubemx/CMakeFiles/LwIP.dir/__/__/Middlewares/Third_Party/LwIP/src/core/memp.c.obj
LOAD cmake/stm32cubemx/CMakeFiles/LwIP.dir/__/__/Middlewares/Third_Party/LwIP/src/core/netif.c.obj
LOAD cmake/stm32cubemx/CMakeFiles/LwIP.dir/__/__/Middlewares/Third_Party/LwIP/src/core/pbuf.c.obj
LOAD cmake/stm32cubemx/CMakeFiles/LwIP.dir/__/__/Middlewares/Third_Party/LwIP/src/core/raw.c.obj
LOAD cmake/stm32cubemx/CMakeFiles/LwIP.dir/__/__/Middlewares/Third_Party/LwIP/src/core/stats.c.obj
LOAD cmake/stm32cubemx/CMakeFiles/LwIP.dir/__/__/Middlewares/Third_Party/LwIP/src/core/sys.c.obj
LOAD cmake/stm32cubemx/CMakeFiles/LwIP.dir/__/__/Middlewares/Third_Party/LwIP/src/core/tcp.c.obj
LOAD cmake/stm32cubemx/CMakeFiles/LwIP.dir/__/__/Middlewares/Third_Party/LwIP/src/core/tcp_in.c.obj
LOAD cmake/stm32cubemx/CMakeFiles/LwIP.dir/__/__/Middlewares/Third_Party/LwIP/src/core/tcp_out.c.obj
LOAD cmake/stm32cubemx/CMakeFiles/LwIP.dir/__/__/Middlewares/Third_Party/LwIP/src/core/timeouts.c.obj
LOAD cmake/stm32cubemx/CMakeFiles/LwIP.dir/__/__/Middlewares/Third_Party/LwIP/src/core/udp.c.obj
LOAD cmake/stm32cubemx/CMakeFiles/LwIP.dir/__/__/Middlewares/Third_Party/LwIP/src/core/ipv4/autoip.c.obj
LOAD cmake/stm32cubemx/CMakeFiles/LwIP.dir/__/__/Middlewares/Third_Party/LwIP/src/core/ipv4/dhcp.c.obj
LOAD cmake/stm32cubemx/CMakeFiles/LwIP.dir/__/__/Middlewares/Third_Party/LwIP/src/core/ipv4/etharp.c.obj
LOAD cmake/stm32cubemx/CMakeFiles/LwIP.dir/__/__/Middlewares/Third_Party/LwIP/src/core/ipv4/icmp.c.obj
LOAD cmake/stm32cubemx/CMakeFiles/LwIP.dir/__/__/Middlewares/Third_Party/LwIP/src/core/ipv4/igmp.c.obj
LOAD cmake/stm32cubemx/CMakeFiles/LwIP.dir/__/__/Middlewares/Third_Party/LwIP/src/core/ipv4/ip4.c.obj
LOAD cmake/stm32cubemx/CMakeFiles/LwIP.dir/__/__/Middlewares/Third_Party/LwIP/src/core/ipv4/ip4_addr.c.obj
LOAD cmake/stm32cubemx/CMakeFiles/LwIP.dir/__/__/Middlewares/Third_Party/LwIP/src/core/ipv4/ip4_frag.c.obj
LOAD cmake/stm32cubemx/CMakeFiles/LwIP.dir/__/__/Middlewares/Third_Party/LwIP/src/core/ipv6/dhcp6.c.obj
LOAD cmake/stm32cubemx/CMakeFiles/LwIP.dir/__/__/Middlewares/Third_Party/LwIP/src/core/ipv6/ethip6.c.obj
LOAD cmake/stm32cubemx/CMakeFiles/LwIP.dir/__/__/Middlewares/Third_Party/LwIP/src/core/ipv6/icmp6.c.obj
LOAD cmake/stm32cubemx/CMakeFiles/LwIP.dir/__/__/Middlewares/Third_Party/LwIP/src/core/ipv6/inet6.c.obj
LOAD cmake/stm32cubemx/CMakeFiles/LwIP.dir/__/__/Middlewares/Third_Party/LwIP/src/core/ipv6/ip6.c.obj
LOAD cmake/stm32cubemx/CMakeFiles/LwIP.dir/__/__/Middlewares/Third_Party/LwIP/src/core/ipv6/ip6_addr.c.obj
LOAD cmake/stm32cubemx/CMakeFiles/LwIP.dir/__/__/Middlewares/Third_Party/LwIP/src/core/ipv6/ip6_frag.c.obj
LOAD cmake/stm32cubemx/CMakeFiles/LwIP.dir/__/__/Middlewares/Third_Party/LwIP/src/core/ipv6/mld6.c.obj
LOAD cmake/stm32cubemx/CMakeFiles/LwIP.dir/__/__/Middlewares/Third_Party/LwIP/src/core/ipv6/nd6.c.obj
LOAD cmake/stm32cubemx/CMakeFiles/LwIP.dir/__/__/Middlewares/Third_Party/LwIP/system/OS/sys_arch.c.obj
LOAD cmake/stm32cubemx/CMakeFiles/LwIP.dir/__/__/Middlewares/Third_Party/LwIP/src/apps/mqtt/mqtt.c.obj
LOAD CMakeFiles/Ethernet_Nucleo.dir/LWIP/App/lwip.c.obj
LOAD CMakeFiles/Ethernet_Nucleo.dir/LWIP/Target/ethernetif.c.obj
LOAD CMakeFiles/Ethernet_Nucleo.dir/Core/Src/main.c.obj
LOAD CMakeFiles/Ethernet_Nucleo.dir/Core/Src/freertos.c.obj
LOAD CMakeFiles/Ethernet_Nucleo.dir/Core/Src/stm32f4xx_it.c.obj
LOAD CMakeFiles/Ethernet_Nucleo.dir/Core/Src/stm32f4xx_hal_msp.c.obj
LOAD CMakeFiles/Ethernet_Nucleo.dir/Core/Src/stm32f4xx_hal_timebase_tim.c.obj
LOAD CMakeFiles/Ethernet_Nucleo.dir/Core/Src/sysmem.c.obj
LOAD CMakeFiles/Ethernet_Nucleo.dir/Core/Src/syscalls.c.obj
LOAD CMakeFiles/Ethernet_Nucleo.dir/startup_stm32f429xx.s.obj
LOAD CMakeFiles/Ethernet_Nucleo.dir/MODBUS-LIB/Src/Modbus.c.obj
LOAD CMakeFiles/Ethernet_Nucleo.dir/MODBUS-LIB/Src/UARTCallback.c.obj
LOAD CMakeFiles/Ethernet_Nucleo.dir/modbus_registers/ModbusRegisters.c.obj
LOAD CMakeFiles/Ethernet_Nucleo.dir/Timestamp/timestamp.c.obj
START GROUP
LOAD C:/arm-toolchain/arm-gnu-toolchain-13.3.rel1-mingw-w64-i686-arm-none-eabi/arm-gnu-toolchain-13.3.rel1-mingw-w64-i686-arm-none-eabi/bin/../lib/gcc/arm-none-eabi/13.3.1/thumb/v7e-m+fp/hard\libgcc.a
LOAD C:/arm-toolchain/arm-gnu-toolchain-13.3.rel1-mingw-w64-i686-arm-none-eabi/arm-gnu-toolchain-13.3.rel1-mingw-w64-i686-arm-none-eabi/bin/../lib/gcc/arm-none-eabi/13.3.1/thumb/v7e-m+fp/hard\libg_nano.a
LOAD C:/arm-toolchain/arm-gnu-toolchain-13.3.rel1-mingw-w64-i686-arm-none-eabi/arm-gnu-toolchain-13.3.rel1-mingw-w64-i686-arm-none-eabi/bin/../lib/gcc/arm-none-eabi/13.3.1/thumb/v7e-m+fp/hard\libc_nano.a
END GROUP
START GROUP
LOAD C:/arm-toolchain/arm-gnu-toolchain-13.3.rel1-mingw-w64-i686-arm-none-eabi/arm-gnu-toolchain-13.3.rel1-mingw-w64-i686-arm-none-eabi/bin/../lib/gcc/arm-none-eabi/13.3.1/thumb/v7e-m+fp/hard\libgcc.a
LOAD C:/arm-toolchain/arm-gnu-toolchain-13.3.rel1-mingw-w64-i686-arm-none-eabi/arm-gnu-toolchain-13.3.rel1-mingw-w64-i686-arm-none-eabi/bin/../lib/gcc/arm-none-eabi/13.3.1/thumb/v7e-m+fp/hard\libc_nano.a
END GROUP
LOAD C:/arm-toolchain/arm-gnu-toolchain-13.3.rel1-mingw-w64-i686-arm-none-eabi/arm-gnu-toolchain-13.3.rel1-mingw-w64-i686-arm-none-eabi/bin/../lib/gcc/arm-none-eabi/13.3.1/thumb/v7e-m+fp/hard/crtend.o
LOAD C:/arm-toolchain/arm-gnu-toolchain-13.3.rel1-mingw-w64-i686-arm-none-eabi/arm-gnu-toolchain-13.3.rel1-mingw-w64-i686-arm-none-eabi/bin/../lib/gcc/arm-none-eabi/13.3.1/thumb/v7e-m+fp/hard/crtn.o
                0x20030000                        _estack = (ORIGIN (RAM) + LENGTH (RAM))
                0x00000200                        _Min_Heap_Size = 0x200
                0x00000400                        _Min_Stack_Size = 0x400

.isr_vector     0x08000000      0x1ac
                0x08000000                        . = ALIGN (0x4)
 *(.isr_vector)
 .isr_vector    0x08000000      0x1ac CMakeFiles/Ethernet_Nucleo.dir/startup_stm32f429xx.s.obj
                0x08000000                g_pfnVectors
                0x080001ac                        . = ALIGN (0x4)

.text           0x080001b0     0xfeac
                0x080001b0                        . = ALIGN (0x4)
 *(.text)
 .text          0x080001b0       0x30 C:/arm-toolchain/arm-gnu-toolchain-13.3.rel1-mingw-w64-i686-arm-none-eabi/arm-gnu-toolchain-13.3.rel1-mingw-w64-i686-arm-none-eabi/bin/../lib/gcc/arm-none-eabi/13.3.1/thumb/v7e-m+fp/hard\libgcc.a(_aeabi_uldivmod.o)
                0x080001b0                __aeabi_uldivmod
 .text          0x080001e0        0x4 C:/arm-toolchain/arm-gnu-toolchain-13.3.rel1-mingw-w64-i686-arm-none-eabi/arm-gnu-toolchain-13.3.rel1-mingw-w64-i686-arm-none-eabi/bin/../lib/gcc/arm-none-eabi/13.3.1/thumb/v7e-m+fp/hard\libgcc.a(_dvmd_tls.o)
                0x080001e0                __aeabi_idiv0
                0x080001e0                __aeabi_ldiv0
 *fill*         0x080001e4        0xc 
 .text          0x080001f0       0xa0 C:/arm-toolchain/arm-gnu-toolchain-13.3.rel1-mingw-w64-i686-arm-none-eabi/arm-gnu-toolchain-13.3.rel1-mingw-w64-i686-arm-none-eabi/bin/../lib/gcc/arm-none-eabi/13.3.1/thumb/v7e-m+fp/hard\libg_nano.a(libc_a-memchr.o)
                0x080001f0                memchr
 *(.text*)
 .text.deregister_tm_clones
                0x08000290       0x1c C:/arm-toolchain/arm-gnu-toolchain-13.3.rel1-mingw-w64-i686-arm-none-eabi/arm-gnu-toolchain-13.3.rel1-mingw-w64-i686-arm-none-eabi/bin/../lib/gcc/arm-none-eabi/13.3.1/thumb/v7e-m+fp/hard/crtbegin.o
 .text.register_tm_clones
                0x080002ac       0x24 C:/arm-toolchain/arm-gnu-toolchain-13.3.rel1-mingw-w64-i686-arm-none-eabi/arm-gnu-toolchain-13.3.rel1-mingw-w64-i686-arm-none-eabi/bin/../lib/gcc/arm-none-eabi/13.3.1/thumb/v7e-m+fp/hard/crtbegin.o
 .text.__do_global_dtors_aux
                0x080002d0       0x28 C:/arm-toolchain/arm-gnu-toolchain-13.3.rel1-mingw-w64-i686-arm-none-eabi/arm-gnu-toolchain-13.3.rel1-mingw-w64-i686-arm-none-eabi/bin/../lib/gcc/arm-none-eabi/13.3.1/thumb/v7e-m+fp/hard/crtbegin.o
 .text.frame_dummy
                0x080002f8       0x24 C:/arm-toolchain/arm-gnu-toolchain-13.3.rel1-mingw-w64-i686-arm-none-eabi/arm-gnu-toolchain-13.3.rel1-mingw-w64-i686-arm-none-eabi/bin/../lib/gcc/arm-none-eabi/13.3.1/thumb/v7e-m+fp/hard/crtbegin.o
 .text.std      0x0800031c       0x6c C:/arm-toolchain/arm-gnu-toolchain-13.3.rel1-mingw-w64-i686-arm-none-eabi/arm-gnu-toolchain-13.3.rel1-mingw-w64-i686-arm-none-eabi/bin/../lib/gcc/arm-none-eabi/13.3.1/thumb/v7e-m+fp/hard\libc_nano.a(libc_a-findfp.o)
 .text.stdio_exit_handler
                0x08000388       0x18 C:/arm-toolchain/arm-gnu-toolchain-13.3.rel1-mingw-w64-i686-arm-none-eabi/arm-gnu-toolchain-13.3.rel1-mingw-w64-i686-arm-none-eabi/bin/../lib/gcc/arm-none-eabi/13.3.1/thumb/v7e-m+fp/hard\libc_nano.a(libc_a-findfp.o)
 .text.cleanup_stdio
                0x080003a0       0x40 C:/arm-toolchain/arm-gnu-toolchain-13.3.rel1-mingw-w64-i686-arm-none-eabi/arm-gnu-toolchain-13.3.rel1-mingw-w64-i686-arm-none-eabi/bin/../lib/gcc/arm-none-eabi/13.3.1/thumb/v7e-m+fp/hard\libc_nano.a(libc_a-findfp.o)
 .text.global_stdio_init.part.0
                0x080003e0       0x3c C:/arm-toolchain/arm-gnu-toolchain-13.3.rel1-mingw-w64-i686-arm-none-eabi/arm-gnu-toolchain-13.3.rel1-mingw-w64-i686-arm-none-eabi/bin/../lib/gcc/arm-none-eabi/13.3.1/thumb/v7e-m+fp/hard\libc_nano.a(libc_a-findfp.o)
 .text.__sfp_lock_acquire
                0x0800041c        0xc C:/arm-toolchain/arm-gnu-toolchain-13.3.rel1-mingw-w64-i686-arm-none-eabi/arm-gnu-toolchain-13.3.rel1-mingw-w64-i686-arm-none-eabi/bin/../lib/gcc/arm-none-eabi/13.3.1/thumb/v7e-m+fp/hard\libc_nano.a(libc_a-findfp.o)
                0x0800041c                __sfp_lock_acquire
 .text.__sfp_lock_release
                0x08000428        0xc C:/arm-toolchain/arm-gnu-toolchain-13.3.rel1-mingw-w64-i686-arm-none-eabi/arm-gnu-toolchain-13.3.rel1-mingw-w64-i686-arm-none-eabi/bin/../lib/gcc/arm-none-eabi/13.3.1/thumb/v7e-m+fp/hard\libc_nano.a(libc_a-findfp.o)
                0x08000428                __sfp_lock_release
 .text.__sinit  0x08000434       0x30 C:/arm-toolchain/arm-gnu-toolchain-13.3.rel1-mingw-w64-i686-arm-none-eabi/arm-gnu-toolchain-13.3.rel1-mingw-w64-i686-arm-none-eabi/bin/../lib/gcc/arm-none-eabi/13.3.1/thumb/v7e-m+fp/hard\libc_nano.a(libc_a-findfp.o)
                0x08000434                __sinit
 .text._fwalk_sglue
                0x08000464       0x3c C:/arm-toolchain/arm-gnu-toolchain-13.3.rel1-mingw-w64-i686-arm-none-eabi/arm-gnu-toolchain-13.3.rel1-mingw-w64-i686-arm-none-eabi/bin/../lib/gcc/arm-none-eabi/13.3.1/thumb/v7e-m+fp/hard\libc_nano.a(libc_a-fwalk.o)
                0x08000464                _fwalk_sglue
 .text.__sread  0x080004a0       0x22 C:/arm-toolchain/arm-gnu-toolchain-13.3.rel1-mingw-w64-i686-arm-none-eabi/arm-gnu-toolchain-13.3.rel1-mingw-w64-i686-arm-none-eabi/bin/../lib/gcc/arm-none-eabi/13.3.1/thumb/v7e-m+fp/hard\libc_nano.a(libc_a-stdio.o)
                0x080004a0                __sread
 .text.__swrite
                0x080004c2       0x38 C:/arm-toolchain/arm-gnu-toolchain-13.3.rel1-mingw-w64-i686-arm-none-eabi/arm-gnu-toolchain-13.3.rel1-mingw-w64-i686-arm-none-eabi/bin/../lib/gcc/arm-none-eabi/13.3.1/thumb/v7e-m+fp/hard\libc_nano.a(libc_a-stdio.o)
                0x080004c2                __swrite
 .text.__sseek  0x080004fa       0x24 C:/arm-toolchain/arm-gnu-toolchain-13.3.rel1-mingw-w64-i686-arm-none-eabi/arm-gnu-toolchain-13.3.rel1-mingw-w64-i686-arm-none-eabi/bin/../lib/gcc/arm-none-eabi/13.3.1/thumb/v7e-m+fp/hard\libc_nano.a(libc_a-stdio.o)
                0x080004fa                __sseek
 .text.__sclose
                0x0800051e        0x8 C:/arm-toolchain/arm-gnu-toolchain-13.3.rel1-mingw-w64-i686-arm-none-eabi/arm-gnu-toolchain-13.3.rel1-mingw-w64-i686-arm-none-eabi/bin/../lib/gcc/arm-none-eabi/13.3.1/thumb/v7e-m+fp/hard\libc_nano.a(libc_a-stdio.o)
                0x0800051e                __sclose
 .text.memset   0x08000526       0x10 C:/arm-toolchain/arm-gnu-toolchain-13.3.rel1-mingw-w64-i686-arm-none-eabi/arm-gnu-toolchain-13.3.rel1-mingw-w64-i686-arm-none-eabi/bin/../lib/gcc/arm-none-eabi/13.3.1/thumb/v7e-m+fp/hard\libc_nano.a(libc_a-memset.o)
                0x08000526                memset
 *fill*         0x08000536        0x2 
 .text._close_r
                0x08000538       0x20 C:/arm-toolchain/arm-gnu-toolchain-13.3.rel1-mingw-w64-i686-arm-none-eabi/arm-gnu-toolchain-13.3.rel1-mingw-w64-i686-arm-none-eabi/bin/../lib/gcc/arm-none-eabi/13.3.1/thumb/v7e-m+fp/hard\libc_nano.a(libc_a-closer.o)
                0x08000538                _close_r
 .text._reclaim_reent
                0x08000558       0xbc C:/arm-toolchain/arm-gnu-toolchain-13.3.rel1-mingw-w64-i686-arm-none-eabi/arm-gnu-toolchain-13.3.rel1-mingw-w64-i686-arm-none-eabi/bin/../lib/gcc/arm-none-eabi/13.3.1/thumb/v7e-m+fp/hard\libc_nano.a(libc_a-reent.o)
                0x08000558                _reclaim_reent
 .text._lseek_r
                0x08000614       0x24 C:/arm-toolchain/arm-gnu-toolchain-13.3.rel1-mingw-w64-i686-arm-none-eabi/arm-gnu-toolchain-13.3.rel1-mingw-w64-i686-arm-none-eabi/bin/../lib/gcc/arm-none-eabi/13.3.1/thumb/v7e-m+fp/hard\libc_nano.a(libc_a-lseekr.o)
                0x08000614                _lseek_r
 .text._read_r  0x08000638       0x24 C:/arm-toolchain/arm-gnu-toolchain-13.3.rel1-mingw-w64-i686-arm-none-eabi/arm-gnu-toolchain-13.3.rel1-mingw-w64-i686-arm-none-eabi/bin/../lib/gcc/arm-none-eabi/13.3.1/thumb/v7e-m+fp/hard\libc_nano.a(libc_a-readr.o)
                0x08000638                _read_r
 .text._write_r
                0x0800065c       0x24 C:/arm-toolchain/arm-gnu-toolchain-13.3.rel1-mingw-w64-i686-arm-none-eabi/arm-gnu-toolchain-13.3.rel1-mingw-w64-i686-arm-none-eabi/bin/../lib/gcc/arm-none-eabi/13.3.1/thumb/v7e-m+fp/hard\libc_nano.a(libc_a-writer.o)
                0x0800065c                _write_r
 .text.__libc_init_array
                0x08000680       0x48 C:/arm-toolchain/arm-gnu-toolchain-13.3.rel1-mingw-w64-i686-arm-none-eabi/arm-gnu-toolchain-13.3.rel1-mingw-w64-i686-arm-none-eabi/bin/../lib/gcc/arm-none-eabi/13.3.1/thumb/v7e-m+fp/hard\libc_nano.a(libc_a-init.o)
                0x08000680                __libc_init_array
 .text.__retarget_lock_init_recursive
                0x080006c8        0x2 C:/arm-toolchain/arm-gnu-toolchain-13.3.rel1-mingw-w64-i686-arm-none-eabi/arm-gnu-toolchain-13.3.rel1-mingw-w64-i686-arm-none-eabi/bin/../lib/gcc/arm-none-eabi/13.3.1/thumb/v7e-m+fp/hard\libc_nano.a(libc_a-lock.o)
                0x080006c8                __retarget_lock_init_recursive
 .text.__retarget_lock_acquire_recursive
                0x080006ca        0x2 C:/arm-toolchain/arm-gnu-toolchain-13.3.rel1-mingw-w64-i686-arm-none-eabi/arm-gnu-toolchain-13.3.rel1-mingw-w64-i686-arm-none-eabi/bin/../lib/gcc/arm-none-eabi/13.3.1/thumb/v7e-m+fp/hard\libc_nano.a(libc_a-lock.o)
                0x080006ca                __retarget_lock_acquire_recursive
 .text.__retarget_lock_release_recursive
                0x080006cc        0x2 C:/arm-toolchain/arm-gnu-toolchain-13.3.rel1-mingw-w64-i686-arm-none-eabi/arm-gnu-toolchain-13.3.rel1-mingw-w64-i686-arm-none-eabi/bin/../lib/gcc/arm-none-eabi/13.3.1/thumb/v7e-m+fp/hard\libc_nano.a(libc_a-lock.o)
                0x080006cc                __retarget_lock_release_recursive
 *fill*         0x080006ce        0x2 
 .text._free_r  0x080006d0       0x94 C:/arm-toolchain/arm-gnu-toolchain-13.3.rel1-mingw-w64-i686-arm-none-eabi/arm-gnu-toolchain-13.3.rel1-mingw-w64-i686-arm-none-eabi/bin/../lib/gcc/arm-none-eabi/13.3.1/thumb/v7e-m+fp/hard\libc_nano.a(libc_a-freer.o)
                0x080006d0                _free_r
 .text.sbrk_aligned
                0x08000764       0x44 C:/arm-toolchain/arm-gnu-toolchain-13.3.rel1-mingw-w64-i686-arm-none-eabi/arm-gnu-toolchain-13.3.rel1-mingw-w64-i686-arm-none-eabi/bin/../lib/gcc/arm-none-eabi/13.3.1/thumb/v7e-m+fp/hard\libc_nano.a(libc_a-mallocr.o)
 .text._malloc_r
                0x080007a8      0x100 C:/arm-toolchain/arm-gnu-toolchain-13.3.rel1-mingw-w64-i686-arm-none-eabi/arm-gnu-toolchain-13.3.rel1-mingw-w64-i686-arm-none-eabi/bin/../lib/gcc/arm-none-eabi/13.3.1/thumb/v7e-m+fp/hard\libc_nano.a(libc_a-mallocr.o)
                0x080007a8                _malloc_r
 .text.__malloc_lock
                0x080008a8        0xc C:/arm-toolchain/arm-gnu-toolchain-13.3.rel1-mingw-w64-i686-arm-none-eabi/arm-gnu-toolchain-13.3.rel1-mingw-w64-i686-arm-none-eabi/bin/../lib/gcc/arm-none-eabi/13.3.1/thumb/v7e-m+fp/hard\libc_nano.a(libc_a-mlock.o)
                0x080008a8                __malloc_lock
 .text.__malloc_unlock
                0x080008b4        0xc C:/arm-toolchain/arm-gnu-toolchain-13.3.rel1-mingw-w64-i686-arm-none-eabi/arm-gnu-toolchain-13.3.rel1-mingw-w64-i686-arm-none-eabi/bin/../lib/gcc/arm-none-eabi/13.3.1/thumb/v7e-m+fp/hard\libc_nano.a(libc_a-mlock.o)
                0x080008b4                __malloc_unlock
 .text.__sflush_r
                0x080008c0      0x108 C:/arm-toolchain/arm-gnu-toolchain-13.3.rel1-mingw-w64-i686-arm-none-eabi/arm-gnu-toolchain-13.3.rel1-mingw-w64-i686-arm-none-eabi/bin/../lib/gcc/arm-none-eabi/13.3.1/thumb/v7e-m+fp/hard\libc_nano.a(libc_a-fflush.o)
                0x080008c0                __sflush_r
 .text._fflush_r
                0x080009c8       0x50 C:/arm-toolchain/arm-gnu-toolchain-13.3.rel1-mingw-w64-i686-arm-none-eabi/arm-gnu-toolchain-13.3.rel1-mingw-w64-i686-arm-none-eabi/bin/../lib/gcc/arm-none-eabi/13.3.1/thumb/v7e-m+fp/hard\libc_nano.a(libc_a-fflush.o)
                0x080009c8                _fflush_r
 .text._sbrk_r  0x08000a18       0x20 C:/arm-toolchain/arm-gnu-toolchain-13.3.rel1-mingw-w64-i686-arm-none-eabi/arm-gnu-toolchain-13.3.rel1-mingw-w64-i686-arm-none-eabi/bin/../lib/gcc/arm-none-eabi/13.3.1/thumb/v7e-m+fp/hard\libc_nano.a(libc_a-sbrkr.o)
                0x08000a18                _sbrk_r
 .text.SystemInit
                0x08000a38       0x14 cmake/stm32cubemx/CMakeFiles/STM32_Drivers.dir/__/__/Core/Src/system_stm32f4xx.c.obj
                0x08000a38                SystemInit
 .text.HAL_TIM_Base_Start
                0x08000a4c       0x6c cmake/stm32cubemx/CMakeFiles/STM32_Drivers.dir/__/__/Drivers/STM32F4xx_HAL_Driver/Src/stm32f4xx_hal_tim.c.obj
                0x08000a4c                HAL_TIM_Base_Start
 .text.HAL_TIM_Base_Start_IT
                0x08000ab8       0x74 cmake/stm32cubemx/CMakeFiles/STM32_Drivers.dir/__/__/Drivers/STM32F4xx_HAL_Driver/Src/stm32f4xx_hal_tim.c.obj
                0x08000ab8                HAL_TIM_Base_Start_IT
 .text.HAL_TIM_Encoder_Start
                0x08000b2c       0xb2 cmake/stm32cubemx/CMakeFiles/STM32_Drivers.dir/__/__/Drivers/STM32F4xx_HAL_Driver/Src/stm32f4xx_hal_tim.c.obj
                0x08000b2c                HAL_TIM_Encoder_Start
 .text.HAL_TIM_OC_DelayElapsedCallback
                0x08000bde        0x2 cmake/stm32cubemx/CMakeFiles/STM32_Drivers.dir/__/__/Drivers/STM32F4xx_HAL_Driver/Src/stm32f4xx_hal_tim.c.obj
                0x08000bde                HAL_TIM_OC_DelayElapsedCallback
 .text.HAL_TIM_IC_CaptureCallback
                0x08000be0        0x2 cmake/stm32cubemx/CMakeFiles/STM32_Drivers.dir/__/__/Drivers/STM32F4xx_HAL_Driver/Src/stm32f4xx_hal_tim.c.obj
                0x08000be0                HAL_TIM_IC_CaptureCallback
 .text.HAL_TIM_PWM_PulseFinishedCallback
                0x08000be2        0x2 cmake/stm32cubemx/CMakeFiles/STM32_Drivers.dir/__/__/Drivers/STM32F4xx_HAL_Driver/Src/stm32f4xx_hal_tim.c.obj
                0x08000be2                HAL_TIM_PWM_PulseFinishedCallback
 .text.HAL_TIM_TriggerCallback
                0x08000be4        0x2 cmake/stm32cubemx/CMakeFiles/STM32_Drivers.dir/__/__/Drivers/STM32F4xx_HAL_Driver/Src/stm32f4xx_hal_tim.c.obj
                0x08000be4                HAL_TIM_TriggerCallback
 .text.HAL_TIM_IRQHandler
                0x08000be6      0x128 cmake/stm32cubemx/CMakeFiles/STM32_Drivers.dir/__/__/Drivers/STM32F4xx_HAL_Driver/Src/stm32f4xx_hal_tim.c.obj
                0x08000be6                HAL_TIM_IRQHandler
 *fill*         0x08000d0e        0x2 
 .text.TIM_Base_SetConfig
                0x08000d10       0xb0 cmake/stm32cubemx/CMakeFiles/STM32_Drivers.dir/__/__/Drivers/STM32F4xx_HAL_Driver/Src/stm32f4xx_hal_tim.c.obj
                0x08000d10                TIM_Base_SetConfig
 .text.HAL_TIM_Base_Init
                0x08000dc0       0x58 cmake/stm32cubemx/CMakeFiles/STM32_Drivers.dir/__/__/Drivers/STM32F4xx_HAL_Driver/Src/stm32f4xx_hal_tim.c.obj
                0x08000dc0                HAL_TIM_Base_Init
 .text.HAL_TIM_Encoder_Init
                0x08000e18       0xa8 cmake/stm32cubemx/CMakeFiles/STM32_Drivers.dir/__/__/Drivers/STM32F4xx_HAL_Driver/Src/stm32f4xx_hal_tim.c.obj
                0x08000e18                HAL_TIM_Encoder_Init
 .text.TIM_ETR_SetConfig
                0x08000ec0       0x14 cmake/stm32cubemx/CMakeFiles/STM32_Drivers.dir/__/__/Drivers/STM32F4xx_HAL_Driver/Src/stm32f4xx_hal_tim.c.obj
                0x08000ec0                TIM_ETR_SetConfig
 .text.HAL_TIM_ConfigClockSource
                0x08000ed4      0x132 cmake/stm32cubemx/CMakeFiles/STM32_Drivers.dir/__/__/Drivers/STM32F4xx_HAL_Driver/Src/stm32f4xx_hal_tim.c.obj
                0x08000ed4                HAL_TIM_ConfigClockSource
 *fill*         0x08001006        0x2 
 .text.HAL_TIMEx_MasterConfigSynchronization
                0x08001008       0x7c cmake/stm32cubemx/CMakeFiles/STM32_Drivers.dir/__/__/Drivers/STM32F4xx_HAL_Driver/Src/stm32f4xx_hal_tim_ex.c.obj
                0x08001008                HAL_TIMEx_MasterConfigSynchronization
 .text.HAL_TIMEx_CommutCallback
                0x08001084        0x2 cmake/stm32cubemx/CMakeFiles/STM32_Drivers.dir/__/__/Drivers/STM32F4xx_HAL_Driver/Src/stm32f4xx_hal_tim_ex.c.obj
                0x08001084                HAL_TIMEx_CommutCallback
 .text.HAL_TIMEx_BreakCallback
                0x08001086        0x2 cmake/stm32cubemx/CMakeFiles/STM32_Drivers.dir/__/__/Drivers/STM32F4xx_HAL_Driver/Src/stm32f4xx_hal_tim_ex.c.obj
                0x08001086                HAL_TIMEx_BreakCallback
 .text.HAL_RCC_OscConfig
                0x08001088      0x35c cmake/stm32cubemx/CMakeFiles/STM32_Drivers.dir/__/__/Drivers/STM32F4xx_HAL_Driver/Src/stm32f4xx_hal_rcc.c.obj
                0x08001088                HAL_RCC_OscConfig
 .text.HAL_RCC_GetSysClockFreq
                0x080013e4       0x5c cmake/stm32cubemx/CMakeFiles/STM32_Drivers.dir/__/__/Drivers/STM32F4xx_HAL_Driver/Src/stm32f4xx_hal_rcc.c.obj
                0x080013e4                HAL_RCC_GetSysClockFreq
 .text.HAL_RCC_ClockConfig
                0x08001440      0x134 cmake/stm32cubemx/CMakeFiles/STM32_Drivers.dir/__/__/Drivers/STM32F4xx_HAL_Driver/Src/stm32f4xx_hal_rcc.c.obj
                0x08001440                HAL_RCC_ClockConfig
 .text.HAL_RCC_GetHCLKFreq
                0x08001574        0xc cmake/stm32cubemx/CMakeFiles/STM32_Drivers.dir/__/__/Drivers/STM32F4xx_HAL_Driver/Src/stm32f4xx_hal_rcc.c.obj
                0x08001574                HAL_RCC_GetHCLKFreq
 .text.HAL_RCC_GetPCLK1Freq
                0x08001580       0x20 cmake/stm32cubemx/CMakeFiles/STM32_Drivers.dir/__/__/Drivers/STM32F4xx_HAL_Driver/Src/stm32f4xx_hal_rcc.c.obj
                0x08001580                HAL_RCC_GetPCLK1Freq
 .text.HAL_RCC_GetPCLK2Freq
                0x080015a0       0x20 cmake/stm32cubemx/CMakeFiles/STM32_Drivers.dir/__/__/Drivers/STM32F4xx_HAL_Driver/Src/stm32f4xx_hal_rcc.c.obj
                0x080015a0                HAL_RCC_GetPCLK2Freq
 .text.HAL_RCC_GetClockConfig
                0x080015c0       0x3c cmake/stm32cubemx/CMakeFiles/STM32_Drivers.dir/__/__/Drivers/STM32F4xx_HAL_Driver/Src/stm32f4xx_hal_rcc.c.obj
                0x080015c0                HAL_RCC_GetClockConfig
 .text.HAL_GPIO_Init
                0x080015fc      0x1c8 cmake/stm32cubemx/CMakeFiles/STM32_Drivers.dir/__/__/Drivers/STM32F4xx_HAL_Driver/Src/stm32f4xx_hal_gpio.c.obj
                0x080015fc                HAL_GPIO_Init
 .text.HAL_GPIO_DeInit
                0x080017c4      0x134 cmake/stm32cubemx/CMakeFiles/STM32_Drivers.dir/__/__/Drivers/STM32F4xx_HAL_Driver/Src/stm32f4xx_hal_gpio.c.obj
                0x080017c4                HAL_GPIO_DeInit
 .text.HAL_GPIO_ReadPin
                0x080018f8        0xc cmake/stm32cubemx/CMakeFiles/STM32_Drivers.dir/__/__/Drivers/STM32F4xx_HAL_Driver/Src/stm32f4xx_hal_gpio.c.obj
                0x080018f8                HAL_GPIO_ReadPin
 .text.HAL_GPIO_WritePin
                0x08001904        0xa cmake/stm32cubemx/CMakeFiles/STM32_Drivers.dir/__/__/Drivers/STM32F4xx_HAL_Driver/Src/stm32f4xx_hal_gpio.c.obj
                0x08001904                HAL_GPIO_WritePin
 *fill*         0x0800190e        0x2 
 .text.HAL_GPIO_EXTI_IRQHandler
                0x08001910       0x18 cmake/stm32cubemx/CMakeFiles/STM32_Drivers.dir/__/__/Drivers/STM32F4xx_HAL_Driver/Src/stm32f4xx_hal_gpio.c.obj
                0x08001910                HAL_GPIO_EXTI_IRQHandler
 .text.HAL_DMA_Abort_IT
                0x08001928       0x24 cmake/stm32cubemx/CMakeFiles/STM32_Drivers.dir/__/__/Drivers/STM32F4xx_HAL_Driver/Src/stm32f4xx_hal_dma.c.obj
                0x08001928                HAL_DMA_Abort_IT
 .text.HAL_PWREx_EnableOverDrive
                0x0800194c       0x74 cmake/stm32cubemx/CMakeFiles/STM32_Drivers.dir/__/__/Drivers/STM32F4xx_HAL_Driver/Src/stm32f4xx_hal_pwr_ex.c.obj
                0x0800194c                HAL_PWREx_EnableOverDrive
 .text.HAL_NVIC_SetPriorityGrouping
                0x080019c0       0x24 cmake/stm32cubemx/CMakeFiles/STM32_Drivers.dir/__/__/Drivers/STM32F4xx_HAL_Driver/Src/stm32f4xx_hal_cortex.c.obj
                0x080019c0                HAL_NVIC_SetPriorityGrouping
 .text.HAL_NVIC_SetPriority
                0x080019e4       0x64 cmake/stm32cubemx/CMakeFiles/STM32_Drivers.dir/__/__/Drivers/STM32F4xx_HAL_Driver/Src/stm32f4xx_hal_cortex.c.obj
                0x080019e4                HAL_NVIC_SetPriority
 .text.HAL_NVIC_EnableIRQ
                0x08001a48       0x1c cmake/stm32cubemx/CMakeFiles/STM32_Drivers.dir/__/__/Drivers/STM32F4xx_HAL_Driver/Src/stm32f4xx_hal_cortex.c.obj
                0x08001a48                HAL_NVIC_EnableIRQ
 .text.HAL_NVIC_DisableIRQ
                0x08001a64       0x24 cmake/stm32cubemx/CMakeFiles/STM32_Drivers.dir/__/__/Drivers/STM32F4xx_HAL_Driver/Src/stm32f4xx_hal_cortex.c.obj
                0x08001a64                HAL_NVIC_DisableIRQ
 .text.HAL_Init
                0x08001a88       0x34 cmake/stm32cubemx/CMakeFiles/STM32_Drivers.dir/__/__/Drivers/STM32F4xx_HAL_Driver/Src/stm32f4xx_hal.c.obj
                0x08001a88                HAL_Init
 .text.HAL_IncTick
                0x08001abc       0x18 cmake/stm32cubemx/CMakeFiles/STM32_Drivers.dir/__/__/Drivers/STM32F4xx_HAL_Driver/Src/stm32f4xx_hal.c.obj
                0x08001abc                HAL_IncTick
 .text.HAL_GetTick
                0x08001ad4        0xc cmake/stm32cubemx/CMakeFiles/STM32_Drivers.dir/__/__/Drivers/STM32F4xx_HAL_Driver/Src/stm32f4xx_hal.c.obj
                0x08001ad4                HAL_GetTick
 .text.HAL_Delay
                0x08001ae0       0x28 cmake/stm32cubemx/CMakeFiles/STM32_Drivers.dir/__/__/Drivers/STM32F4xx_HAL_Driver/Src/stm32f4xx_hal.c.obj
                0x08001ae0                HAL_Delay
 .text.ETH_Prepare_Tx_Descriptors
                0x08001b08      0x164 cmake/stm32cubemx/CMakeFiles/STM32_Drivers.dir/__/__/Drivers/STM32F4xx_HAL_Driver/Src/stm32f4xx_hal_eth.c.obj
 .text.ETH_SetMACConfig
                0x08001c6c       0xec cmake/stm32cubemx/CMakeFiles/STM32_Drivers.dir/__/__/Drivers/STM32F4xx_HAL_Driver/Src/stm32f4xx_hal_eth.c.obj
 .text.ETH_SetDMAConfig
                0x08001d58       0xa4 cmake/stm32cubemx/CMakeFiles/STM32_Drivers.dir/__/__/Drivers/STM32F4xx_HAL_Driver/Src/stm32f4xx_hal_eth.c.obj
 .text.ETH_FlushTransmitFIFO
                0x08001dfc       0x2e cmake/stm32cubemx/CMakeFiles/STM32_Drivers.dir/__/__/Drivers/STM32F4xx_HAL_Driver/Src/stm32f4xx_hal_eth.c.obj
 *fill*         0x08001e2a        0x2 
 .text.ETH_UpdateDescriptor
                0x08001e2c       0x8c cmake/stm32cubemx/CMakeFiles/STM32_Drivers.dir/__/__/Drivers/STM32F4xx_HAL_Driver/Src/stm32f4xx_hal_eth.c.obj
 .text.HAL_ETH_Init
                0x08001eb8      0x1f8 cmake/stm32cubemx/CMakeFiles/STM32_Drivers.dir/__/__/Drivers/STM32F4xx_HAL_Driver/Src/stm32f4xx_hal_eth.c.obj
                0x08001eb8                HAL_ETH_Init
 .text.HAL_ETH_DeInit
                0x080020b0       0x16 cmake/stm32cubemx/CMakeFiles/STM32_Drivers.dir/__/__/Drivers/STM32F4xx_HAL_Driver/Src/stm32f4xx_hal_eth.c.obj
                0x080020b0                HAL_ETH_DeInit
 .text.HAL_ETH_Start_IT
                0x080020c6       0x82 cmake/stm32cubemx/CMakeFiles/STM32_Drivers.dir/__/__/Drivers/STM32F4xx_HAL_Driver/Src/stm32f4xx_hal_eth.c.obj
                0x080020c6                HAL_ETH_Start_IT
 .text.HAL_ETH_Stop_IT
                0x08002148       0x8a cmake/stm32cubemx/CMakeFiles/STM32_Drivers.dir/__/__/Drivers/STM32F4xx_HAL_Driver/Src/stm32f4xx_hal_eth.c.obj
                0x08002148                HAL_ETH_Stop_IT
 .text.HAL_ETH_Transmit_IT
                0x080021d2       0x5c cmake/stm32cubemx/CMakeFiles/STM32_Drivers.dir/__/__/Drivers/STM32F4xx_HAL_Driver/Src/stm32f4xx_hal_eth.c.obj
                0x080021d2                HAL_ETH_Transmit_IT
 .text.HAL_ETH_ReadData
                0x0800222e       0xe8 cmake/stm32cubemx/CMakeFiles/STM32_Drivers.dir/__/__/Drivers/STM32F4xx_HAL_Driver/Src/stm32f4xx_hal_eth.c.obj
                0x0800222e                HAL_ETH_ReadData
 .text.HAL_ETH_ReleaseTxPacket
                0x08002316       0x5e cmake/stm32cubemx/CMakeFiles/STM32_Drivers.dir/__/__/Drivers/STM32F4xx_HAL_Driver/Src/stm32f4xx_hal_eth.c.obj
                0x08002316                HAL_ETH_ReleaseTxPacket
 .text.HAL_ETH_PMTCallback
                0x08002374        0x2 cmake/stm32cubemx/CMakeFiles/STM32_Drivers.dir/__/__/Drivers/STM32F4xx_HAL_Driver/Src/stm32f4xx_hal_eth.c.obj
                0x08002374                HAL_ETH_PMTCallback
 .text.HAL_ETH_WakeUpCallback
                0x08002376        0x2 cmake/stm32cubemx/CMakeFiles/STM32_Drivers.dir/__/__/Drivers/STM32F4xx_HAL_Driver/Src/stm32f4xx_hal_eth.c.obj
                0x08002376                HAL_ETH_WakeUpCallback
 .text.HAL_ETH_IRQHandler
                0x08002378       0xdc cmake/stm32cubemx/CMakeFiles/STM32_Drivers.dir/__/__/Drivers/STM32F4xx_HAL_Driver/Src/stm32f4xx_hal_eth.c.obj
                0x08002378                HAL_ETH_IRQHandler
 .text.HAL_ETH_ReadPHYRegister
                0x08002454       0x4e cmake/stm32cubemx/CMakeFiles/STM32_Drivers.dir/__/__/Drivers/STM32F4xx_HAL_Driver/Src/stm32f4xx_hal_eth.c.obj
                0x08002454                HAL_ETH_ReadPHYRegister
 .text.HAL_ETH_WritePHYRegister
                0x080024a2       0x48 cmake/stm32cubemx/CMakeFiles/STM32_Drivers.dir/__/__/Drivers/STM32F4xx_HAL_Driver/Src/stm32f4xx_hal_eth.c.obj
                0x080024a2                HAL_ETH_WritePHYRegister
 .text.HAL_ETH_GetMACConfig
                0x080024ea       0xcc cmake/stm32cubemx/CMakeFiles/STM32_Drivers.dir/__/__/Drivers/STM32F4xx_HAL_Driver/Src/stm32f4xx_hal_eth.c.obj
                0x080024ea                HAL_ETH_GetMACConfig
 .text.HAL_ETH_SetMACConfig
                0x080025b6       0x18 cmake/stm32cubemx/CMakeFiles/STM32_Drivers.dir/__/__/Drivers/STM32F4xx_HAL_Driver/Src/stm32f4xx_hal_eth.c.obj
                0x080025b6                HAL_ETH_SetMACConfig
 *fill*         0x080025ce        0x2 
 .text.HAL_ETH_SetMDIOClockRange
                0x080025d0       0x54 cmake/stm32cubemx/CMakeFiles/STM32_Drivers.dir/__/__/Drivers/STM32F4xx_HAL_Driver/Src/stm32f4xx_hal_eth.c.obj
                0x080025d0                HAL_ETH_SetMDIOClockRange
 .text.HAL_ETH_GetError
                0x08002624        0x6 cmake/stm32cubemx/CMakeFiles/STM32_Drivers.dir/__/__/Drivers/STM32F4xx_HAL_Driver/Src/stm32f4xx_hal_eth.c.obj
                0x08002624                HAL_ETH_GetError
 .text.HAL_ETH_GetDMAError
                0x0800262a        0x6 cmake/stm32cubemx/CMakeFiles/STM32_Drivers.dir/__/__/Drivers/STM32F4xx_HAL_Driver/Src/stm32f4xx_hal_eth.c.obj
                0x0800262a                HAL_ETH_GetDMAError
 .text.HAL_IWDG_Init
                0x08002630       0x4e cmake/stm32cubemx/CMakeFiles/STM32_Drivers.dir/__/__/Drivers/STM32F4xx_HAL_Driver/Src/stm32f4xx_hal_iwdg.c.obj
                0x08002630                HAL_IWDG_Init
 .text.HAL_IWDG_Refresh
                0x0800267e        0xc cmake/stm32cubemx/CMakeFiles/STM32_Drivers.dir/__/__/Drivers/STM32F4xx_HAL_Driver/Src/stm32f4xx_hal_iwdg.c.obj
                0x0800267e                HAL_IWDG_Refresh
 *fill*         0x0800268a        0x2 
 .text.UART_SetConfig
                0x0800268c       0xbc cmake/stm32cubemx/CMakeFiles/STM32_Drivers.dir/__/__/Drivers/STM32F4xx_HAL_Driver/Src/stm32f4xx_hal_uart.c.obj
 .text.HAL_UART_Init
                0x08002748       0x5e cmake/stm32cubemx/CMakeFiles/STM32_Drivers.dir/__/__/Drivers/STM32F4xx_HAL_Driver/Src/stm32f4xx_hal_uart.c.obj
                0x08002748                HAL_UART_Init
 .text.HAL_UART_Transmit_IT
                0x080027a6       0x32 cmake/stm32cubemx/CMakeFiles/STM32_Drivers.dir/__/__/Drivers/STM32F4xx_HAL_Driver/Src/stm32f4xx_hal_uart.c.obj
                0x080027a6                HAL_UART_Transmit_IT
 .text.HAL_UART_AbortReceiveCpltCallback
                0x080027d8        0x2 cmake/stm32cubemx/CMakeFiles/STM32_Drivers.dir/__/__/Drivers/STM32F4xx_HAL_Driver/Src/stm32f4xx_hal_uart.c.obj
                0x080027d8                HAL_UART_AbortReceiveCpltCallback
 *fill*         0x080027da        0x2 
 .text.HAL_UART_AbortReceive_IT
                0x080027dc       0xb0 cmake/stm32cubemx/CMakeFiles/STM32_Drivers.dir/__/__/Drivers/STM32F4xx_HAL_Driver/Src/stm32f4xx_hal_uart.c.obj
                0x080027dc                HAL_UART_AbortReceive_IT
 .text.UART_DMARxOnlyAbortCallback
                0x0800288c       0x16 cmake/stm32cubemx/CMakeFiles/STM32_Drivers.dir/__/__/Drivers/STM32F4xx_HAL_Driver/Src/stm32f4xx_hal_uart.c.obj
 .text.HAL_HalfDuplex_EnableTransmitter
                0x080028a2       0x30 cmake/stm32cubemx/CMakeFiles/STM32_Drivers.dir/__/__/Drivers/STM32F4xx_HAL_Driver/Src/stm32f4xx_hal_uart.c.obj
                0x080028a2                HAL_HalfDuplex_EnableTransmitter
 .text.HAL_HalfDuplex_EnableReceiver
                0x080028d2       0x30 cmake/stm32cubemx/CMakeFiles/STM32_Drivers.dir/__/__/Drivers/STM32F4xx_HAL_Driver/Src/stm32f4xx_hal_uart.c.obj
                0x080028d2                HAL_HalfDuplex_EnableReceiver
 .text.HAL_UART_GetState
                0x08002902        0xc cmake/stm32cubemx/CMakeFiles/STM32_Drivers.dir/__/__/Drivers/STM32F4xx_HAL_Driver/Src/stm32f4xx_hal_uart.c.obj
                0x08002902                HAL_UART_GetState
 .text.UART_Start_Receive_IT
                0x0800290e       0x32 cmake/stm32cubemx/CMakeFiles/STM32_Drivers.dir/__/__/Drivers/STM32F4xx_HAL_Driver/Src/stm32f4xx_hal_uart.c.obj
                0x0800290e                UART_Start_Receive_IT
 .text.HAL_UART_Receive_IT
                0x08002940       0x22 cmake/stm32cubemx/CMakeFiles/STM32_Drivers.dir/__/__/Drivers/STM32F4xx_HAL_Driver/Src/stm32f4xx_hal_uart.c.obj
                0x08002940                HAL_UART_Receive_IT
 .text.LAN8742_RegisterBusIO
                0x08002962       0x28 cmake/stm32cubemx/CMakeFiles/STM32_Drivers.dir/__/__/Drivers/BSP/Components/lan8742/lan8742.c.obj
                0x08002962                LAN8742_RegisterBusIO
 .text.LAN8742_Init
                0x0800298a       0x5a cmake/stm32cubemx/CMakeFiles/STM32_Drivers.dir/__/__/Drivers/BSP/Components/lan8742/lan8742.c.obj
                0x0800298a                LAN8742_Init
 .text.LAN8742_GetLinkState
                0x080029e4       0x94 cmake/stm32cubemx/CMakeFiles/STM32_Drivers.dir/__/__/Drivers/BSP/Components/lan8742/lan8742.c.obj
                0x080029e4                LAN8742_GetLinkState
 .text.vListInitialise
                0x08002a78       0x16 cmake/stm32cubemx/CMakeFiles/FreeRTOS.dir/__/__/Middlewares/Third_Party/FreeRTOS/Source/list.c.obj
                0x08002a78                vListInitialise
 .text.vListInitialiseItem
                0x08002a8e        0x6 cmake/stm32cubemx/CMakeFiles/FreeRTOS.dir/__/__/Middlewares/Third_Party/FreeRTOS/Source/list.c.obj
                0x08002a8e                vListInitialiseItem
 .text.vListInsertEnd
                0x08002a94       0x16 cmake/stm32cubemx/CMakeFiles/FreeRTOS.dir/__/__/Middlewares/Third_Party/FreeRTOS/Source/list.c.obj
                0x08002a94                vListInsertEnd
 .text.vListInsert
                0x08002aaa       0x2e cmake/stm32cubemx/CMakeFiles/FreeRTOS.dir/__/__/Middlewares/Third_Party/FreeRTOS/Source/list.c.obj
                0x08002aaa                vListInsert
 .text.uxListRemove
                0x08002ad8       0x20 cmake/stm32cubemx/CMakeFiles/FreeRTOS.dir/__/__/Middlewares/Third_Party/FreeRTOS/Source/list.c.obj
                0x08002ad8                uxListRemove
 .text.prvIsQueueEmpty
                0x08002af8       0x16 cmake/stm32cubemx/CMakeFiles/FreeRTOS.dir/__/__/Middlewares/Third_Party/FreeRTOS/Source/queue.c.obj
 .text.prvCopyDataToQueue
                0x08002b0e       0x66 cmake/stm32cubemx/CMakeFiles/FreeRTOS.dir/__/__/Middlewares/Third_Party/FreeRTOS/Source/queue.c.obj
 .text.prvCopyDataFromQueue
                0x08002b74       0x2c cmake/stm32cubemx/CMakeFiles/FreeRTOS.dir/__/__/Middlewares/Third_Party/FreeRTOS/Source/queue.c.obj
 .text.prvUnlockQueue
                0x08002ba0       0x6c cmake/stm32cubemx/CMakeFiles/FreeRTOS.dir/__/__/Middlewares/Third_Party/FreeRTOS/Source/queue.c.obj
 .text.xQueueGenericReset
                0x08002c0c       0x7e cmake/stm32cubemx/CMakeFiles/FreeRTOS.dir/__/__/Middlewares/Third_Party/FreeRTOS/Source/queue.c.obj
                0x08002c0c                xQueueGenericReset
 .text.xQueueGenericCreateStatic
                0x08002c8a       0x9c cmake/stm32cubemx/CMakeFiles/FreeRTOS.dir/__/__/Middlewares/Third_Party/FreeRTOS/Source/queue.c.obj
                0x08002c8a                xQueueGenericCreateStatic
 .text.xQueueGenericCreate
                0x08002d26       0x4e cmake/stm32cubemx/CMakeFiles/FreeRTOS.dir/__/__/Middlewares/Third_Party/FreeRTOS/Source/queue.c.obj
                0x08002d26                xQueueGenericCreate
 .text.xQueueCreateCountingSemaphoreStatic
                0x08002d74       0x44 cmake/stm32cubemx/CMakeFiles/FreeRTOS.dir/__/__/Middlewares/Third_Party/FreeRTOS/Source/queue.c.obj
                0x08002d74                xQueueCreateCountingSemaphoreStatic
 .text.xQueueCreateCountingSemaphore
                0x08002db8       0x3c cmake/stm32cubemx/CMakeFiles/FreeRTOS.dir/__/__/Middlewares/Third_Party/FreeRTOS/Source/queue.c.obj
                0x08002db8                xQueueCreateCountingSemaphore
 .text.xQueueGenericSend
                0x08002df4      0x164 cmake/stm32cubemx/CMakeFiles/FreeRTOS.dir/__/__/Middlewares/Third_Party/FreeRTOS/Source/queue.c.obj
                0x08002df4                xQueueGenericSend
 .text.xQueueCreateMutexStatic
                0x08002f58       0x2a cmake/stm32cubemx/CMakeFiles/FreeRTOS.dir/__/__/Middlewares/Third_Party/FreeRTOS/Source/queue.c.obj
                0x08002f58                xQueueCreateMutexStatic
 .text.xQueueGiveMutexRecursive
                0x08002f82       0x3e cmake/stm32cubemx/CMakeFiles/FreeRTOS.dir/__/__/Middlewares/Third_Party/FreeRTOS/Source/queue.c.obj
                0x08002f82                xQueueGiveMutexRecursive
 .text.xQueueCreateMutex
                0x08002fc0       0x3a cmake/stm32cubemx/CMakeFiles/FreeRTOS.dir/__/__/Middlewares/Third_Party/FreeRTOS/Source/queue.c.obj
                0x08002fc0                xQueueCreateMutex
 .text.xQueueGenericSendFromISR
                0x08002ffa       0xba cmake/stm32cubemx/CMakeFiles/FreeRTOS.dir/__/__/Middlewares/Third_Party/FreeRTOS/Source/queue.c.obj
                0x08002ffa                xQueueGenericSendFromISR
 .text.xQueueGiveFromISR
                0x080030b4       0xa2 cmake/stm32cubemx/CMakeFiles/FreeRTOS.dir/__/__/Middlewares/Third_Party/FreeRTOS/Source/queue.c.obj
                0x080030b4                xQueueGiveFromISR
 .text.xQueueReceive
                0x08003156      0x13c cmake/stm32cubemx/CMakeFiles/FreeRTOS.dir/__/__/Middlewares/Third_Party/FreeRTOS/Source/queue.c.obj
                0x08003156                xQueueReceive
 .text.xQueueSemaphoreTake
                0x08003292      0x17a cmake/stm32cubemx/CMakeFiles/FreeRTOS.dir/__/__/Middlewares/Third_Party/FreeRTOS/Source/queue.c.obj
                0x08003292                xQueueSemaphoreTake
 .text.xQueueTakeMutexRecursive
                0x0800340c       0x42 cmake/stm32cubemx/CMakeFiles/FreeRTOS.dir/__/__/Middlewares/Third_Party/FreeRTOS/Source/queue.c.obj
                0x0800340c                xQueueTakeMutexRecursive
 .text.xQueueReceiveFromISR
                0x0800344e       0x9a cmake/stm32cubemx/CMakeFiles/FreeRTOS.dir/__/__/Middlewares/Third_Party/FreeRTOS/Source/queue.c.obj
                0x0800344e                xQueueReceiveFromISR
 .text.uxQueueMessagesWaiting
                0x080034e8       0x26 cmake/stm32cubemx/CMakeFiles/FreeRTOS.dir/__/__/Middlewares/Third_Party/FreeRTOS/Source/queue.c.obj
                0x080034e8                uxQueueMessagesWaiting
 .text.uxQueueMessagesWaitingFromISR
                0x0800350e       0x18 cmake/stm32cubemx/CMakeFiles/FreeRTOS.dir/__/__/Middlewares/Third_Party/FreeRTOS/Source/queue.c.obj
                0x0800350e                uxQueueMessagesWaitingFromISR
 *fill*         0x08003526        0x2 
 .text.vQueueAddToRegistry
                0x08003528       0x24 cmake/stm32cubemx/CMakeFiles/FreeRTOS.dir/__/__/Middlewares/Third_Party/FreeRTOS/Source/queue.c.obj
                0x08003528                vQueueAddToRegistry
 .text.vQueueUnregisterQueue
                0x0800354c       0x30 cmake/stm32cubemx/CMakeFiles/FreeRTOS.dir/__/__/Middlewares/Third_Party/FreeRTOS/Source/queue.c.obj
                0x0800354c                vQueueUnregisterQueue
 .text.vQueueDelete
                0x0800357c       0x2a cmake/stm32cubemx/CMakeFiles/FreeRTOS.dir/__/__/Middlewares/Third_Party/FreeRTOS/Source/queue.c.obj
                0x0800357c                vQueueDelete
 .text.vQueueWaitForMessageRestricted
                0x080035a6       0x46 cmake/stm32cubemx/CMakeFiles/FreeRTOS.dir/__/__/Middlewares/Third_Party/FreeRTOS/Source/queue.c.obj
                0x080035a6                vQueueWaitForMessageRestricted
 .text.prvAddNewTaskToReadyList
                0x080035ec      0x100 cmake/stm32cubemx/CMakeFiles/FreeRTOS.dir/__/__/Middlewares/Third_Party/FreeRTOS/Source/tasks.c.obj
 .text.prvAddCurrentTaskToDelayedList
                0x080036ec       0x70 cmake/stm32cubemx/CMakeFiles/FreeRTOS.dir/__/__/Middlewares/Third_Party/FreeRTOS/Source/tasks.c.obj
 .text.prvResetNextTaskUnblockTime
                0x0800375c       0x24 cmake/stm32cubemx/CMakeFiles/FreeRTOS.dir/__/__/Middlewares/Third_Party/FreeRTOS/Source/tasks.c.obj
 .text.prvDeleteTCB
                0x08003780       0x3c cmake/stm32cubemx/CMakeFiles/FreeRTOS.dir/__/__/Middlewares/Third_Party/FreeRTOS/Source/tasks.c.obj
 .text.prvIdleTask
                0x080037bc       0x60 cmake/stm32cubemx/CMakeFiles/FreeRTOS.dir/__/__/Middlewares/Third_Party/FreeRTOS/Source/tasks.c.obj
 .text.prvInitialiseNewTask.constprop.0
                0x0800381c       0xec cmake/stm32cubemx/CMakeFiles/FreeRTOS.dir/__/__/Middlewares/Third_Party/FreeRTOS/Source/tasks.c.obj
 .text.xTaskCreateStatic
                0x08003908       0x74 cmake/stm32cubemx/CMakeFiles/FreeRTOS.dir/__/__/Middlewares/Third_Party/FreeRTOS/Source/tasks.c.obj
                0x08003908                xTaskCreateStatic
 .text.xTaskCreate
                0x0800397c       0x5e cmake/stm32cubemx/CMakeFiles/FreeRTOS.dir/__/__/Middlewares/Third_Party/FreeRTOS/Source/tasks.c.obj
                0x0800397c                xTaskCreate
 *fill*         0x080039da        0x2 
 .text.vTaskStartScheduler
                0x080039dc       0xa4 cmake/stm32cubemx/CMakeFiles/FreeRTOS.dir/__/__/Middlewares/Third_Party/FreeRTOS/Source/tasks.c.obj
                0x080039dc                vTaskStartScheduler
 .text.vTaskSuspendAll
                0x08003a80       0x10 cmake/stm32cubemx/CMakeFiles/FreeRTOS.dir/__/__/Middlewares/Third_Party/FreeRTOS/Source/tasks.c.obj
                0x08003a80                vTaskSuspendAll
 .text.xTaskGetTickCount
                0x08003a90        0xc cmake/stm32cubemx/CMakeFiles/FreeRTOS.dir/__/__/Middlewares/Third_Party/FreeRTOS/Source/tasks.c.obj
                0x08003a90                xTaskGetTickCount
 .text.xTaskGetTickCountFromISR
                0x08003a9c       0x10 cmake/stm32cubemx/CMakeFiles/FreeRTOS.dir/__/__/Middlewares/Third_Party/FreeRTOS/Source/tasks.c.obj
                0x08003a9c                xTaskGetTickCountFromISR
 .text.xTaskIncrementTick
                0x08003aac      0x12c cmake/stm32cubemx/CMakeFiles/FreeRTOS.dir/__/__/Middlewares/Third_Party/FreeRTOS/Source/tasks.c.obj
                0x08003aac                xTaskIncrementTick
 .text.xTaskResumeAll
                0x08003bd8       0xe8 cmake/stm32cubemx/CMakeFiles/FreeRTOS.dir/__/__/Middlewares/Third_Party/FreeRTOS/Source/tasks.c.obj
                0x08003bd8                xTaskResumeAll
 .text.vTaskDelay
                0x08003cc0       0x48 cmake/stm32cubemx/CMakeFiles/FreeRTOS.dir/__/__/Middlewares/Third_Party/FreeRTOS/Source/tasks.c.obj
                0x08003cc0                vTaskDelay
 .text.vTaskSwitchContext
                0x08003d08       0xa4 cmake/stm32cubemx/CMakeFiles/FreeRTOS.dir/__/__/Middlewares/Third_Party/FreeRTOS/Source/tasks.c.obj
                0x08003d08                vTaskSwitchContext
 .text.vTaskPlaceOnEventList
                0x08003dac       0x34 cmake/stm32cubemx/CMakeFiles/FreeRTOS.dir/__/__/Middlewares/Third_Party/FreeRTOS/Source/tasks.c.obj
                0x08003dac                vTaskPlaceOnEventList
 .text.vTaskPlaceOnEventListRestricted
                0x08003de0       0x3c cmake/stm32cubemx/CMakeFiles/FreeRTOS.dir/__/__/Middlewares/Third_Party/FreeRTOS/Source/tasks.c.obj
                0x08003de0                vTaskPlaceOnEventListRestricted
 .text.xTaskRemoveFromEventList
                0x08003e1c       0x80 cmake/stm32cubemx/CMakeFiles/FreeRTOS.dir/__/__/Middlewares/Third_Party/FreeRTOS/Source/tasks.c.obj
                0x08003e1c                xTaskRemoveFromEventList
 .text.vTaskInternalSetTimeOutState
                0x08003e9c       0x18 cmake/stm32cubemx/CMakeFiles/FreeRTOS.dir/__/__/Middlewares/Third_Party/FreeRTOS/Source/tasks.c.obj
                0x08003e9c                vTaskInternalSetTimeOutState
 .text.xTaskCheckForTimeOut
                0x08003eb4       0x78 cmake/stm32cubemx/CMakeFiles/FreeRTOS.dir/__/__/Middlewares/Third_Party/FreeRTOS/Source/tasks.c.obj
                0x08003eb4                xTaskCheckForTimeOut
 .text.vTaskMissedYield
                0x08003f2c        0xc cmake/stm32cubemx/CMakeFiles/FreeRTOS.dir/__/__/Middlewares/Third_Party/FreeRTOS/Source/tasks.c.obj
                0x08003f2c                vTaskMissedYield
 .text.xTaskGetCurrentTaskHandle
                0x08003f38        0xc cmake/stm32cubemx/CMakeFiles/FreeRTOS.dir/__/__/Middlewares/Third_Party/FreeRTOS/Source/tasks.c.obj
                0x08003f38                xTaskGetCurrentTaskHandle
 .text.xTaskGetSchedulerState
                0x08003f44       0x20 cmake/stm32cubemx/CMakeFiles/FreeRTOS.dir/__/__/Middlewares/Third_Party/FreeRTOS/Source/tasks.c.obj
                0x08003f44                xTaskGetSchedulerState
 .text.xTaskPriorityInherit
                0x08003f64       0x80 cmake/stm32cubemx/CMakeFiles/FreeRTOS.dir/__/__/Middlewares/Third_Party/FreeRTOS/Source/tasks.c.obj
                0x08003f64                xTaskPriorityInherit
 .text.xTaskPriorityDisinherit
                0x08003fe4       0x8c cmake/stm32cubemx/CMakeFiles/FreeRTOS.dir/__/__/Middlewares/Third_Party/FreeRTOS/Source/tasks.c.obj
                0x08003fe4                xTaskPriorityDisinherit
 .text.vTaskPriorityDisinheritAfterTimeout
                0x08004070       0xa0 cmake/stm32cubemx/CMakeFiles/FreeRTOS.dir/__/__/Middlewares/Third_Party/FreeRTOS/Source/tasks.c.obj
                0x08004070                vTaskPriorityDisinheritAfterTimeout
 .text.pvTaskIncrementMutexHeldCount
                0x08004110       0x1c cmake/stm32cubemx/CMakeFiles/FreeRTOS.dir/__/__/Middlewares/Third_Party/FreeRTOS/Source/tasks.c.obj
                0x08004110                pvTaskIncrementMutexHeldCount
 .text.ulTaskNotifyTake
                0x0800412c       0x6c cmake/stm32cubemx/CMakeFiles/FreeRTOS.dir/__/__/Middlewares/Third_Party/FreeRTOS/Source/tasks.c.obj
                0x0800412c                ulTaskNotifyTake
 .text.xTaskGenericNotify
                0x08004198       0xf0 cmake/stm32cubemx/CMakeFiles/FreeRTOS.dir/__/__/Middlewares/Third_Party/FreeRTOS/Source/tasks.c.obj
                0x08004198                xTaskGenericNotify
 .text.prvInsertTimerInActiveList
                0x08004288       0x3c cmake/stm32cubemx/CMakeFiles/FreeRTOS.dir/__/__/Middlewares/Third_Party/FreeRTOS/Source/timers.c.obj
 .text.prvCheckForValidListAndQueue
                0x080042c4       0x68 cmake/stm32cubemx/CMakeFiles/FreeRTOS.dir/__/__/Middlewares/Third_Party/FreeRTOS/Source/timers.c.obj
 .text.xTimerCreateTimerTask
                0x0800432c       0x64 cmake/stm32cubemx/CMakeFiles/FreeRTOS.dir/__/__/Middlewares/Third_Party/FreeRTOS/Source/timers.c.obj
                0x0800432c                xTimerCreateTimerTask
 .text.xTimerCreate
                0x08004390       0x5a cmake/stm32cubemx/CMakeFiles/FreeRTOS.dir/__/__/Middlewares/Third_Party/FreeRTOS/Source/timers.c.obj
                0x08004390                xTimerCreate
 *fill*         0x080043ea        0x2 
 .text.xTimerGenericCommand
                0x080043ec       0x58 cmake/stm32cubemx/CMakeFiles/FreeRTOS.dir/__/__/Middlewares/Third_Party/FreeRTOS/Source/timers.c.obj
                0x080043ec                xTimerGenericCommand
 .text.prvSampleTimeNow
                0x08004444       0xa4 cmake/stm32cubemx/CMakeFiles/FreeRTOS.dir/__/__/Middlewares/Third_Party/FreeRTOS/Source/timers.c.obj
 .text.prvTimerTask
                0x080044e8      0x1cc cmake/stm32cubemx/CMakeFiles/FreeRTOS.dir/__/__/Middlewares/Third_Party/FreeRTOS/Source/timers.c.obj
 .text.SysTick_Handler
                0x080046b4       0x1a cmake/stm32cubemx/CMakeFiles/FreeRTOS.dir/__/__/Middlewares/Third_Party/FreeRTOS/Source/CMSIS_RTOS_V2/cmsis_os2.c.obj
                0x080046b4                SysTick_Handler
 *fill*         0x080046ce        0x2 
 .text.osKernelInitialize
                0x080046d0       0x24 cmake/stm32cubemx/CMakeFiles/FreeRTOS.dir/__/__/Middlewares/Third_Party/FreeRTOS/Source/CMSIS_RTOS_V2/cmsis_os2.c.obj
                0x080046d0                osKernelInitialize
 .text.osKernelStart
                0x080046f4       0x34 cmake/stm32cubemx/CMakeFiles/FreeRTOS.dir/__/__/Middlewares/Third_Party/FreeRTOS/Source/CMSIS_RTOS_V2/cmsis_os2.c.obj
                0x080046f4                osKernelStart
 .text.osKernelGetTickCount
                0x08004728        0xe cmake/stm32cubemx/CMakeFiles/FreeRTOS.dir/__/__/Middlewares/Third_Party/FreeRTOS/Source/CMSIS_RTOS_V2/cmsis_os2.c.obj
                0x08004728                osKernelGetTickCount
 .text.osThreadNew
                0x08004736       0x94 cmake/stm32cubemx/CMakeFiles/FreeRTOS.dir/__/__/Middlewares/Third_Party/FreeRTOS/Source/CMSIS_RTOS_V2/cmsis_os2.c.obj
                0x08004736                osThreadNew
 .text.osDelay  0x080047ca       0x18 cmake/stm32cubemx/CMakeFiles/FreeRTOS.dir/__/__/Middlewares/Third_Party/FreeRTOS/Source/CMSIS_RTOS_V2/cmsis_os2.c.obj
                0x080047ca                osDelay
 .text.osMutexNew
                0x080047e2       0x6a cmake/stm32cubemx/CMakeFiles/FreeRTOS.dir/__/__/Middlewares/Third_Party/FreeRTOS/Source/CMSIS_RTOS_V2/cmsis_os2.c.obj
                0x080047e2                osMutexNew
 .text.osMutexAcquire
                0x0800484c       0x46 cmake/stm32cubemx/CMakeFiles/FreeRTOS.dir/__/__/Middlewares/Third_Party/FreeRTOS/Source/CMSIS_RTOS_V2/cmsis_os2.c.obj
                0x0800484c                osMutexAcquire
 .text.osMutexRelease
                0x08004892       0x3e cmake/stm32cubemx/CMakeFiles/FreeRTOS.dir/__/__/Middlewares/Third_Party/FreeRTOS/Source/CMSIS_RTOS_V2/cmsis_os2.c.obj
                0x08004892                osMutexRelease
 .text.osSemaphoreNew
                0x080048d0       0x94 cmake/stm32cubemx/CMakeFiles/FreeRTOS.dir/__/__/Middlewares/Third_Party/FreeRTOS/Source/CMSIS_RTOS_V2/cmsis_os2.c.obj
                0x080048d0                osSemaphoreNew
 .text.osSemaphoreAcquire
                0x08004964       0x58 cmake/stm32cubemx/CMakeFiles/FreeRTOS.dir/__/__/Middlewares/Third_Party/FreeRTOS/Source/CMSIS_RTOS_V2/cmsis_os2.c.obj
                0x08004964                osSemaphoreAcquire
 .text.osSemaphoreRelease
                0x080049bc       0x52 cmake/stm32cubemx/CMakeFiles/FreeRTOS.dir/__/__/Middlewares/Third_Party/FreeRTOS/Source/CMSIS_RTOS_V2/cmsis_os2.c.obj
                0x080049bc                osSemaphoreRelease
 .text.osSemaphoreGetCount
                0x08004a0e       0x12 cmake/stm32cubemx/CMakeFiles/FreeRTOS.dir/__/__/Middlewares/Third_Party/FreeRTOS/Source/CMSIS_RTOS_V2/cmsis_os2.c.obj
                0x08004a0e                osSemaphoreGetCount
 .text.osSemaphoreDelete
                0x08004a20       0x26 cmake/stm32cubemx/CMakeFiles/FreeRTOS.dir/__/__/Middlewares/Third_Party/FreeRTOS/Source/CMSIS_RTOS_V2/cmsis_os2.c.obj
                0x08004a20                osSemaphoreDelete
 .text.osMessageQueueNew
                0x08004a46       0x76 cmake/stm32cubemx/CMakeFiles/FreeRTOS.dir/__/__/Middlewares/Third_Party/FreeRTOS/Source/CMSIS_RTOS_V2/cmsis_os2.c.obj
                0x08004a46                osMessageQueueNew
 .text.osMessageQueuePut
                0x08004abc       0x62 cmake/stm32cubemx/CMakeFiles/FreeRTOS.dir/__/__/Middlewares/Third_Party/FreeRTOS/Source/CMSIS_RTOS_V2/cmsis_os2.c.obj
                0x08004abc                osMessageQueuePut
 .text.osMessageQueueGet
                0x08004b1e       0x60 cmake/stm32cubemx/CMakeFiles/FreeRTOS.dir/__/__/Middlewares/Third_Party/FreeRTOS/Source/CMSIS_RTOS_V2/cmsis_os2.c.obj
                0x08004b1e                osMessageQueueGet
 .text.osMessageQueueGetCount
                0x08004b7e        0x4 cmake/stm32cubemx/CMakeFiles/FreeRTOS.dir/__/__/Middlewares/Third_Party/FreeRTOS/Source/CMSIS_RTOS_V2/cmsis_os2.c.obj
                0x08004b7e                osMessageQueueGetCount
 .text.osMessageQueueDelete
                0x08004b82        0x4 cmake/stm32cubemx/CMakeFiles/FreeRTOS.dir/__/__/Middlewares/Third_Party/FreeRTOS/Source/CMSIS_RTOS_V2/cmsis_os2.c.obj
                0x08004b82                osMessageQueueDelete
 *fill*         0x08004b86        0x2 
 .text.vApplicationGetIdleTaskMemory
                0x08004b88       0x18 cmake/stm32cubemx/CMakeFiles/FreeRTOS.dir/__/__/Middlewares/Third_Party/FreeRTOS/Source/CMSIS_RTOS_V2/cmsis_os2.c.obj
                0x08004b88                vApplicationGetIdleTaskMemory
 .text.vApplicationGetTimerTaskMemory
                0x08004ba0       0x18 cmake/stm32cubemx/CMakeFiles/FreeRTOS.dir/__/__/Middlewares/Third_Party/FreeRTOS/Source/CMSIS_RTOS_V2/cmsis_os2.c.obj
                0x08004ba0                vApplicationGetTimerTaskMemory
 .text.prvInsertBlockIntoFreeList
                0x08004bb8       0x4c cmake/stm32cubemx/CMakeFiles/FreeRTOS.dir/__/__/Middlewares/Third_Party/FreeRTOS/Source/portable/MemMang/heap_4.c.obj
 .text.pvPortMalloc
                0x08004c04      0x130 cmake/stm32cubemx/CMakeFiles/FreeRTOS.dir/__/__/Middlewares/Third_Party/FreeRTOS/Source/portable/MemMang/heap_4.c.obj
                0x08004c04                pvPortMalloc
 .text.vPortFree
                0x08004d34       0x7c cmake/stm32cubemx/CMakeFiles/FreeRTOS.dir/__/__/Middlewares/Third_Party/FreeRTOS/Source/portable/MemMang/heap_4.c.obj
                0x08004d34                vPortFree
 .text.prvPortStartFirstTask
                0x08004db0       0x28 cmake/stm32cubemx/CMakeFiles/FreeRTOS.dir/__/__/Middlewares/Third_Party/FreeRTOS/Source/portable/GCC/ARM_CM4F/port.c.obj
 .text.vPortEnableVFP
                0x08004dd8       0x14 cmake/stm32cubemx/CMakeFiles/FreeRTOS.dir/__/__/Middlewares/Third_Party/FreeRTOS/Source/portable/GCC/ARM_CM4F/port.c.obj
 .text.prvTaskExitError
                0x08004dec       0x40 cmake/stm32cubemx/CMakeFiles/FreeRTOS.dir/__/__/Middlewares/Third_Party/FreeRTOS/Source/portable/GCC/ARM_CM4F/port.c.obj
 .text.pxPortInitialiseStack
                0x08004e2c       0x2c cmake/stm32cubemx/CMakeFiles/FreeRTOS.dir/__/__/Middlewares/Third_Party/FreeRTOS/Source/portable/GCC/ARM_CM4F/port.c.obj
                0x08004e2c                pxPortInitialiseStack
 *fill*         0x08004e58        0x8 
 .text.SVC_Handler
                0x08004e60       0x24 cmake/stm32cubemx/CMakeFiles/FreeRTOS.dir/__/__/Middlewares/Third_Party/FreeRTOS/Source/portable/GCC/ARM_CM4F/port.c.obj
                0x08004e60                SVC_Handler
 .text.vPortEnterCritical
                0x08004e84       0x40 cmake/stm32cubemx/CMakeFiles/FreeRTOS.dir/__/__/Middlewares/Third_Party/FreeRTOS/Source/portable/GCC/ARM_CM4F/port.c.obj
                0x08004e84                vPortEnterCritical
 .text.vPortExitCritical
                0x08004ec4       0x28 cmake/stm32cubemx/CMakeFiles/FreeRTOS.dir/__/__/Middlewares/Third_Party/FreeRTOS/Source/portable/GCC/ARM_CM4F/port.c.obj
                0x08004ec4                vPortExitCritical
 *fill*         0x08004eec        0x4 
 .text.PendSV_Handler
                0x08004ef0       0x64 cmake/stm32cubemx/CMakeFiles/FreeRTOS.dir/__/__/Middlewares/Third_Party/FreeRTOS/Source/portable/GCC/ARM_CM4F/port.c.obj
                0x08004ef0                PendSV_Handler
 .text.xPortSysTickHandler
                0x08004f54       0x2c cmake/stm32cubemx/CMakeFiles/FreeRTOS.dir/__/__/Middlewares/Third_Party/FreeRTOS/Source/portable/GCC/ARM_CM4F/port.c.obj
                0x08004f54                xPortSysTickHandler
 .text.vPortSetupTimerInterrupt
                0x08004f80       0x24 cmake/stm32cubemx/CMakeFiles/FreeRTOS.dir/__/__/Middlewares/Third_Party/FreeRTOS/Source/portable/GCC/ARM_CM4F/port.c.obj
                0x08004f80                vPortSetupTimerInterrupt
 .text.xPortStartScheduler
                0x08004fa4      0x104 cmake/stm32cubemx/CMakeFiles/FreeRTOS.dir/__/__/Middlewares/Third_Party/FreeRTOS/Source/portable/GCC/ARM_CM4F/port.c.obj
                0x08004fa4                xPortStartScheduler
 .text.vPortValidateInterruptPriority
                0x080050a8       0x5c cmake/stm32cubemx/CMakeFiles/FreeRTOS.dir/__/__/Middlewares/Third_Party/FreeRTOS/Source/portable/GCC/ARM_CM4F/port.c.obj
                0x080050a8                vPortValidateInterruptPriority
 .text.ethernet_input
                0x08005104       0xa0 cmake/stm32cubemx/CMakeFiles/LwIP.dir/__/__/Middlewares/Third_Party/LwIP/src/netif/ethernet.c.obj
                0x08005104                ethernet_input
 .text.ethernet_output
                0x080051a4       0x70 cmake/stm32cubemx/CMakeFiles/LwIP.dir/__/__/Middlewares/Third_Party/LwIP/src/netif/ethernet.c.obj
                0x080051a4                ethernet_output
 .text.netconn_apimsg
                0x08005214       0x14 cmake/stm32cubemx/CMakeFiles/LwIP.dir/__/__/Middlewares/Third_Party/LwIP/src/api/api_lib.c.obj
 .text.netconn_tcp_recvd_msg
                0x08005228       0x44 cmake/stm32cubemx/CMakeFiles/LwIP.dir/__/__/Middlewares/Third_Party/LwIP/src/api/api_lib.c.obj
 .text.netconn_close_shutdown
                0x0800526c       0x44 cmake/stm32cubemx/CMakeFiles/LwIP.dir/__/__/Middlewares/Third_Party/LwIP/src/api/api_lib.c.obj
 .text.netconn_new_with_proto_and_callback
                0x080052b0       0xb4 cmake/stm32cubemx/CMakeFiles/LwIP.dir/__/__/Middlewares/Third_Party/LwIP/src/api/api_lib.c.obj
                0x080052b0                netconn_new_with_proto_and_callback
 .text.netconn_prepare_delete
                0x08005364       0x20 cmake/stm32cubemx/CMakeFiles/LwIP.dir/__/__/Middlewares/Third_Party/LwIP/src/api/api_lib.c.obj
                0x08005364                netconn_prepare_delete
 .text.netconn_delete
                0x08005384       0x1c cmake/stm32cubemx/CMakeFiles/LwIP.dir/__/__/Middlewares/Third_Party/LwIP/src/api/api_lib.c.obj
                0x08005384                netconn_delete
 .text.netconn_bind
                0x080053a0       0x4c cmake/stm32cubemx/CMakeFiles/LwIP.dir/__/__/Middlewares/Third_Party/LwIP/src/api/api_lib.c.obj
                0x080053a0                netconn_bind
 .text.netconn_connect
                0x080053ec       0x4c cmake/stm32cubemx/CMakeFiles/LwIP.dir/__/__/Middlewares/Third_Party/LwIP/src/api/api_lib.c.obj
                0x080053ec                netconn_connect
 .text.netconn_listen_with_backlog
                0x08005438       0x3c cmake/stm32cubemx/CMakeFiles/LwIP.dir/__/__/Middlewares/Third_Party/LwIP/src/api/api_lib.c.obj
                0x08005438                netconn_listen_with_backlog
 .text.netconn_write_vectors_partly
                0x08005474       0xf4 cmake/stm32cubemx/CMakeFiles/LwIP.dir/__/__/Middlewares/Third_Party/LwIP/src/api/api_lib.c.obj
                0x08005474                netconn_write_vectors_partly
 .text.netconn_close
                0x08005568        0x6 cmake/stm32cubemx/CMakeFiles/LwIP.dir/__/__/Middlewares/Third_Party/LwIP/src/api/api_lib.c.obj
                0x08005568                netconn_close
 .text.netconn_err
                0x0800556e       0x1e cmake/stm32cubemx/CMakeFiles/LwIP.dir/__/__/Middlewares/Third_Party/LwIP/src/api/api_lib.c.obj
                0x0800556e                netconn_err
 .text.netconn_accept
                0x0800558c       0xbc cmake/stm32cubemx/CMakeFiles/LwIP.dir/__/__/Middlewares/Third_Party/LwIP/src/api/api_lib.c.obj
                0x0800558c                netconn_accept
 .text.netconn_recv_data
                0x08005648      0x100 cmake/stm32cubemx/CMakeFiles/LwIP.dir/__/__/Middlewares/Third_Party/LwIP/src/api/api_lib.c.obj
 .text.netconn_recv_data_tcp
                0x08005748       0x9c cmake/stm32cubemx/CMakeFiles/LwIP.dir/__/__/Middlewares/Third_Party/LwIP/src/api/api_lib.c.obj
 .text.netconn_recv
                0x080057e4       0xa4 cmake/stm32cubemx/CMakeFiles/LwIP.dir/__/__/Middlewares/Third_Party/LwIP/src/api/api_lib.c.obj
                0x080057e4                netconn_recv
 .text.recv_udp
                0x08005888       0xac cmake/stm32cubemx/CMakeFiles/LwIP.dir/__/__/Middlewares/Third_Party/LwIP/src/api/api_msg.c.obj
 .text.setup_tcp
                0x08005934       0x44 cmake/stm32cubemx/CMakeFiles/LwIP.dir/__/__/Middlewares/Third_Party/LwIP/src/api/api_msg.c.obj
 .text.lwip_netconn_do_connected
                0x08005978       0xb4 cmake/stm32cubemx/CMakeFiles/LwIP.dir/__/__/Middlewares/Third_Party/LwIP/src/api/api_msg.c.obj
 .text.lwip_netconn_do_writemore
                0x08005a2c      0x268 cmake/stm32cubemx/CMakeFiles/LwIP.dir/__/__/Middlewares/Third_Party/LwIP/src/api/api_msg.c.obj
 .text.lwip_netconn_do_close_internal
                0x08005c94      0x1f8 cmake/stm32cubemx/CMakeFiles/LwIP.dir/__/__/Middlewares/Third_Party/LwIP/src/api/api_msg.c.obj
 .text.poll_tcp
                0x08005e8c       0x70 cmake/stm32cubemx/CMakeFiles/LwIP.dir/__/__/Middlewares/Third_Party/LwIP/src/api/api_msg.c.obj
 .text.sent_tcp
                0x08005efc       0x6c cmake/stm32cubemx/CMakeFiles/LwIP.dir/__/__/Middlewares/Third_Party/LwIP/src/api/api_msg.c.obj
 .text.recv_tcp
                0x08005f68       0xc0 cmake/stm32cubemx/CMakeFiles/LwIP.dir/__/__/Middlewares/Third_Party/LwIP/src/api/api_msg.c.obj
 .text.err_tcp  0x08006028      0x13c cmake/stm32cubemx/CMakeFiles/LwIP.dir/__/__/Middlewares/Third_Party/LwIP/src/api/api_msg.c.obj
 .text.lwip_netconn_is_err_msg
                0x08006164       0x54 cmake/stm32cubemx/CMakeFiles/LwIP.dir/__/__/Middlewares/Third_Party/LwIP/src/api/api_msg.c.obj
                0x08006164                lwip_netconn_is_err_msg
 .text.lwip_netconn_do_newconn
                0x080061b8       0x60 cmake/stm32cubemx/CMakeFiles/LwIP.dir/__/__/Middlewares/Third_Party/LwIP/src/api/api_msg.c.obj
                0x080061b8                lwip_netconn_do_newconn
 .text.netconn_alloc
                0x08006218       0x90 cmake/stm32cubemx/CMakeFiles/LwIP.dir/__/__/Middlewares/Third_Party/LwIP/src/api/api_msg.c.obj
                0x08006218                netconn_alloc
 .text.netconn_free
                0x080062a8       0x78 cmake/stm32cubemx/CMakeFiles/LwIP.dir/__/__/Middlewares/Third_Party/LwIP/src/api/api_msg.c.obj
                0x080062a8                netconn_free
 .text.netconn_drain
                0x08006320       0x9e cmake/stm32cubemx/CMakeFiles/LwIP.dir/__/__/Middlewares/Third_Party/LwIP/src/api/api_msg.c.obj
 *fill*         0x080063be        0x2 
 .text.accept_function
                0x080063c0       0xe8 cmake/stm32cubemx/CMakeFiles/LwIP.dir/__/__/Middlewares/Third_Party/LwIP/src/api/api_msg.c.obj
 .text.lwip_netconn_do_delconn
                0x080064a8      0x110 cmake/stm32cubemx/CMakeFiles/LwIP.dir/__/__/Middlewares/Third_Party/LwIP/src/api/api_msg.c.obj
                0x080064a8                lwip_netconn_do_delconn
 .text.lwip_netconn_do_bind
                0x080065b8       0x34 cmake/stm32cubemx/CMakeFiles/LwIP.dir/__/__/Middlewares/Third_Party/LwIP/src/api/api_msg.c.obj
                0x080065b8                lwip_netconn_do_bind
 .text.lwip_netconn_do_connect
                0x080065ec       0xe0 cmake/stm32cubemx/CMakeFiles/LwIP.dir/__/__/Middlewares/Third_Party/LwIP/src/api/api_msg.c.obj
                0x080065ec                lwip_netconn_do_connect
 .text.lwip_netconn_do_listen
                0x080066cc       0xb8 cmake/stm32cubemx/CMakeFiles/LwIP.dir/__/__/Middlewares/Third_Party/LwIP/src/api/api_msg.c.obj
                0x080066cc                lwip_netconn_do_listen
 .text.lwip_netconn_do_recv
                0x08006784       0x36 cmake/stm32cubemx/CMakeFiles/LwIP.dir/__/__/Middlewares/Third_Party/LwIP/src/api/api_msg.c.obj
                0x08006784                lwip_netconn_do_recv
 *fill*         0x080067ba        0x2 
 .text.lwip_netconn_do_write
                0x080067bc       0xcc cmake/stm32cubemx/CMakeFiles/LwIP.dir/__/__/Middlewares/Third_Party/LwIP/src/api/api_msg.c.obj
                0x080067bc                lwip_netconn_do_write
 .text.lwip_netconn_do_close
                0x08006888       0xbc cmake/stm32cubemx/CMakeFiles/LwIP.dir/__/__/Middlewares/Third_Party/LwIP/src/api/api_msg.c.obj
                0x08006888                lwip_netconn_do_close
 .text.netbuf_delete
                0x08006944       0x22 cmake/stm32cubemx/CMakeFiles/LwIP.dir/__/__/Middlewares/Third_Party/LwIP/src/api/netbuf.c.obj
                0x08006944                netbuf_delete
 *fill*         0x08006966        0x2 
 .text.netbuf_data
                0x08006968       0x58 cmake/stm32cubemx/CMakeFiles/LwIP.dir/__/__/Middlewares/Third_Party/LwIP/src/api/netbuf.c.obj
                0x08006968                netbuf_data
 .text.tcpip_thread
                0x080069c0       0xd0 cmake/stm32cubemx/CMakeFiles/LwIP.dir/__/__/Middlewares/Third_Party/LwIP/src/api/tcpip.c.obj
 .text.tcpip_inpkt
                0x08006a90       0x58 cmake/stm32cubemx/CMakeFiles/LwIP.dir/__/__/Middlewares/Third_Party/LwIP/src/api/tcpip.c.obj
                0x08006a90                tcpip_inpkt
 .text.tcpip_input
                0x08006ae8       0x1c cmake/stm32cubemx/CMakeFiles/LwIP.dir/__/__/Middlewares/Third_Party/LwIP/src/api/tcpip.c.obj
                0x08006ae8                tcpip_input
 .text.tcpip_try_callback
                0x08006b04       0x58 cmake/stm32cubemx/CMakeFiles/LwIP.dir/__/__/Middlewares/Third_Party/LwIP/src/api/tcpip.c.obj
                0x08006b04                tcpip_try_callback
 .text.tcpip_send_msg_wait_sem
                0x08006b5c       0x20 cmake/stm32cubemx/CMakeFiles/LwIP.dir/__/__/Middlewares/Third_Party/LwIP/src/api/tcpip.c.obj
                0x08006b5c                tcpip_send_msg_wait_sem
 .text.tcpip_init
                0x08006b7c       0x80 cmake/stm32cubemx/CMakeFiles/LwIP.dir/__/__/Middlewares/Third_Party/LwIP/src/api/tcpip.c.obj
                0x08006b7c                tcpip_init
 .text.lwip_htons
                0x08006bfc        0x6 cmake/stm32cubemx/CMakeFiles/LwIP.dir/__/__/Middlewares/Third_Party/LwIP/src/core/def.c.obj
                0x08006bfc                lwip_htons
 .text.lwip_htonl
                0x08006c02        0x4 cmake/stm32cubemx/CMakeFiles/LwIP.dir/__/__/Middlewares/Third_Party/LwIP/src/core/def.c.obj
                0x08006c02                lwip_htonl
 .text.lwip_init
                0x08006c06       0x22 cmake/stm32cubemx/CMakeFiles/LwIP.dir/__/__/Middlewares/Third_Party/LwIP/src/core/init.c.obj
                0x08006c06                lwip_init
 .text.mem_init
                0x08006c28       0x70 cmake/stm32cubemx/CMakeFiles/LwIP.dir/__/__/Middlewares/Third_Party/LwIP/src/core/mem.c.obj
                0x08006c28                mem_init
 .text.mem_free
                0x08006c98      0x1b0 cmake/stm32cubemx/CMakeFiles/LwIP.dir/__/__/Middlewares/Third_Party/LwIP/src/core/mem.c.obj
                0x08006c98                mem_free
 .text.mem_trim
                0x08006e48      0x16c cmake/stm32cubemx/CMakeFiles/LwIP.dir/__/__/Middlewares/Third_Party/LwIP/src/core/mem.c.obj
                0x08006e48                mem_trim
 .text.mem_malloc
                0x08006fb4      0x14c cmake/stm32cubemx/CMakeFiles/LwIP.dir/__/__/Middlewares/Third_Party/LwIP/src/core/mem.c.obj
                0x08006fb4                mem_malloc
 .text.do_memp_malloc_pool
                0x08007100       0x3c cmake/stm32cubemx/CMakeFiles/LwIP.dir/__/__/Middlewares/Third_Party/LwIP/src/core/memp.c.obj
 .text.do_memp_free_pool
                0x0800713c       0x38 cmake/stm32cubemx/CMakeFiles/LwIP.dir/__/__/Middlewares/Third_Party/LwIP/src/core/memp.c.obj
 .text.memp_init_pool
                0x08007174       0x26 cmake/stm32cubemx/CMakeFiles/LwIP.dir/__/__/Middlewares/Third_Party/LwIP/src/core/memp.c.obj
                0x08007174                memp_init_pool
 *fill*         0x0800719a        0x2 
 .text.memp_init
                0x0800719c       0x1c cmake/stm32cubemx/CMakeFiles/LwIP.dir/__/__/Middlewares/Third_Party/LwIP/src/core/memp.c.obj
                0x0800719c                memp_init
 .text.memp_malloc_pool
                0x080071b8       0x2c cmake/stm32cubemx/CMakeFiles/LwIP.dir/__/__/Middlewares/Third_Party/LwIP/src/core/memp.c.obj
                0x080071b8                memp_malloc_pool
 .text.memp_malloc
                0x080071e4       0x38 cmake/stm32cubemx/CMakeFiles/LwIP.dir/__/__/Middlewares/Third_Party/LwIP/src/core/memp.c.obj
                0x080071e4                memp_malloc
 .text.memp_free_pool
                0x0800721c       0x24 cmake/stm32cubemx/CMakeFiles/LwIP.dir/__/__/Middlewares/Third_Party/LwIP/src/core/memp.c.obj
                0x0800721c                memp_free_pool
 .text.memp_free
                0x08007240       0x30 cmake/stm32cubemx/CMakeFiles/LwIP.dir/__/__/Middlewares/Third_Party/LwIP/src/core/memp.c.obj
                0x08007240                memp_free
 .text.netif_null_output_ip4
                0x08007270        0x6 cmake/stm32cubemx/CMakeFiles/LwIP.dir/__/__/Middlewares/Third_Party/LwIP/src/core/netif.c.obj
 *fill*         0x08007276        0x2 
 .text.netif_issue_reports
                0x08007278       0x44 cmake/stm32cubemx/CMakeFiles/LwIP.dir/__/__/Middlewares/Third_Party/LwIP/src/core/netif.c.obj
 .text.netif_do_set_ipaddr.isra.0
                0x080072bc       0x34 cmake/stm32cubemx/CMakeFiles/LwIP.dir/__/__/Middlewares/Third_Party/LwIP/src/core/netif.c.obj
 .text.netif_init
                0x080072f0        0x2 cmake/stm32cubemx/CMakeFiles/LwIP.dir/__/__/Middlewares/Third_Party/LwIP/src/core/netif.c.obj
                0x080072f0                netif_init
 *fill*         0x080072f2        0x2 
 .text.netif_set_addr
                0x080072f4       0x58 cmake/stm32cubemx/CMakeFiles/LwIP.dir/__/__/Middlewares/Third_Party/LwIP/src/core/netif.c.obj
                0x080072f4                netif_set_addr
 .text.netif_add
                0x0800734c      0x118 cmake/stm32cubemx/CMakeFiles/LwIP.dir/__/__/Middlewares/Third_Party/LwIP/src/core/netif.c.obj
                0x0800734c                netif_add
 .text.netif_set_default
                0x08007464        0xc cmake/stm32cubemx/CMakeFiles/LwIP.dir/__/__/Middlewares/Third_Party/LwIP/src/core/netif.c.obj
                0x08007464                netif_set_default
 .text.netif_set_up
                0x08007470       0x34 cmake/stm32cubemx/CMakeFiles/LwIP.dir/__/__/Middlewares/Third_Party/LwIP/src/core/netif.c.obj
                0x08007470                netif_set_up
 .text.netif_set_down
                0x080074a4       0x38 cmake/stm32cubemx/CMakeFiles/LwIP.dir/__/__/Middlewares/Third_Party/LwIP/src/core/netif.c.obj
                0x080074a4                netif_set_down
 .text.netif_set_link_up
                0x080074dc       0x48 cmake/stm32cubemx/CMakeFiles/LwIP.dir/__/__/Middlewares/Third_Party/LwIP/src/core/netif.c.obj
                0x080074dc                netif_set_link_up
 .text.netif_set_link_down
                0x08007524       0x34 cmake/stm32cubemx/CMakeFiles/LwIP.dir/__/__/Middlewares/Third_Party/LwIP/src/core/netif.c.obj
                0x08007524                netif_set_link_down
 .text.netif_set_link_callback
                0x08007558        0x6 cmake/stm32cubemx/CMakeFiles/LwIP.dir/__/__/Middlewares/Third_Party/LwIP/src/core/netif.c.obj
                0x08007558                netif_set_link_callback
 *fill*         0x0800755e        0x2 
 .text.netif_get_by_index
                0x08007560       0x24 cmake/stm32cubemx/CMakeFiles/LwIP.dir/__/__/Middlewares/Third_Party/LwIP/src/core/netif.c.obj
                0x08007560                netif_get_by_index
 .text.pbuf_add_header_impl
                0x08007584       0x68 cmake/stm32cubemx/CMakeFiles/LwIP.dir/__/__/Middlewares/Third_Party/LwIP/src/core/pbuf.c.obj
 .text.pbuf_free_ooseq_callback
                0x080075ec       0x30 cmake/stm32cubemx/CMakeFiles/LwIP.dir/__/__/Middlewares/Third_Party/LwIP/src/core/pbuf.c.obj
 .text.pbuf_alloc_reference
                0x0800761c       0x48 cmake/stm32cubemx/CMakeFiles/LwIP.dir/__/__/Middlewares/Third_Party/LwIP/src/core/pbuf.c.obj
                0x0800761c                pbuf_alloc_reference
 .text.pbuf_alloced_custom
                0x08007664       0x32 cmake/stm32cubemx/CMakeFiles/LwIP.dir/__/__/Middlewares/Third_Party/LwIP/src/core/pbuf.c.obj
                0x08007664                pbuf_alloced_custom
 .text.pbuf_add_header
                0x08007696        0x6 cmake/stm32cubemx/CMakeFiles/LwIP.dir/__/__/Middlewares/Third_Party/LwIP/src/core/pbuf.c.obj
                0x08007696                pbuf_add_header
 .text.pbuf_remove_header
                0x0800769c       0x58 cmake/stm32cubemx/CMakeFiles/LwIP.dir/__/__/Middlewares/Third_Party/LwIP/src/core/pbuf.c.obj
                0x0800769c                pbuf_remove_header
 .text.pbuf_header_force
                0x080076f4       0x10 cmake/stm32cubemx/CMakeFiles/LwIP.dir/__/__/Middlewares/Third_Party/LwIP/src/core/pbuf.c.obj
                0x080076f4                pbuf_header_force
 .text.pbuf_free
                0x08007704       0xd4 cmake/stm32cubemx/CMakeFiles/LwIP.dir/__/__/Middlewares/Third_Party/LwIP/src/core/pbuf.c.obj
                0x08007704                pbuf_free
 .text.pbuf_alloc
                0x080077d8      0x124 cmake/stm32cubemx/CMakeFiles/LwIP.dir/__/__/Middlewares/Third_Party/LwIP/src/core/pbuf.c.obj
                0x080077d8                pbuf_alloc
 .text.pbuf_realloc
                0x080078fc       0xb0 cmake/stm32cubemx/CMakeFiles/LwIP.dir/__/__/Middlewares/Third_Party/LwIP/src/core/pbuf.c.obj
                0x080078fc                pbuf_realloc
 .text.pbuf_clen
                0x080079ac       0x10 cmake/stm32cubemx/CMakeFiles/LwIP.dir/__/__/Middlewares/Third_Party/LwIP/src/core/pbuf.c.obj
                0x080079ac                pbuf_clen
 .text.pbuf_ref
                0x080079bc       0x38 cmake/stm32cubemx/CMakeFiles/LwIP.dir/__/__/Middlewares/Third_Party/LwIP/src/core/pbuf.c.obj
                0x080079bc                pbuf_ref
 .text.pbuf_cat
                0x080079f4       0x74 cmake/stm32cubemx/CMakeFiles/LwIP.dir/__/__/Middlewares/Third_Party/LwIP/src/core/pbuf.c.obj
                0x080079f4                pbuf_cat
 .text.pbuf_copy
                0x08007a68      0x104 cmake/stm32cubemx/CMakeFiles/LwIP.dir/__/__/Middlewares/Third_Party/LwIP/src/core/pbuf.c.obj
                0x08007a68                pbuf_copy
 .text.pbuf_copy_partial
                0x08007b6c       0x84 cmake/stm32cubemx/CMakeFiles/LwIP.dir/__/__/Middlewares/Third_Party/LwIP/src/core/pbuf.c.obj
                0x08007b6c                pbuf_copy_partial
 .text.pbuf_clone
                0x08007bf0       0x38 cmake/stm32cubemx/CMakeFiles/LwIP.dir/__/__/Middlewares/Third_Party/LwIP/src/core/pbuf.c.obj
                0x08007bf0                pbuf_clone
 .text.tcp_new_port
                0x08007c28       0x50 cmake/stm32cubemx/CMakeFiles/LwIP.dir/__/__/Middlewares/Third_Party/LwIP/src/core/tcp.c.obj
 .text.tcp_close_shutdown_fin
                0x08007c78       0x60 cmake/stm32cubemx/CMakeFiles/LwIP.dir/__/__/Middlewares/Third_Party/LwIP/src/core/tcp.c.obj
 .text.tcp_init
                0x08007cd8       0x18 cmake/stm32cubemx/CMakeFiles/LwIP.dir/__/__/Middlewares/Third_Party/LwIP/src/core/tcp.c.obj
                0x08007cd8                tcp_init
 .text.tcp_free
                0x08007cf0       0x30 cmake/stm32cubemx/CMakeFiles/LwIP.dir/__/__/Middlewares/Third_Party/LwIP/src/core/tcp.c.obj
                0x08007cf0                tcp_free
 .text.tcp_bind
                0x08007d20       0xac cmake/stm32cubemx/CMakeFiles/LwIP.dir/__/__/Middlewares/Third_Party/LwIP/src/core/tcp.c.obj
                0x08007d20                tcp_bind
 .text.tcp_listen_with_backlog_and_err
                0x08007dcc       0xcc cmake/stm32cubemx/CMakeFiles/LwIP.dir/__/__/Middlewares/Third_Party/LwIP/src/core/tcp.c.obj
                0x08007dcc                tcp_listen_with_backlog_and_err
 .text.tcp_update_rcv_ann_wnd
                0x08007e98       0x6c cmake/stm32cubemx/CMakeFiles/LwIP.dir/__/__/Middlewares/Third_Party/LwIP/src/core/tcp.c.obj
                0x08007e98                tcp_update_rcv_ann_wnd
 .text.tcp_recved
                0x08007f04       0x7c cmake/stm32cubemx/CMakeFiles/LwIP.dir/__/__/Middlewares/Third_Party/LwIP/src/core/tcp.c.obj
                0x08007f04                tcp_recved
 .text.tcp_seg_free
                0x08007f80       0x1c cmake/stm32cubemx/CMakeFiles/LwIP.dir/__/__/Middlewares/Third_Party/LwIP/src/core/tcp.c.obj
                0x08007f80                tcp_seg_free
 .text.tcp_segs_free
                0x08007f9c       0x10 cmake/stm32cubemx/CMakeFiles/LwIP.dir/__/__/Middlewares/Third_Party/LwIP/src/core/tcp.c.obj
                0x08007f9c                tcp_segs_free
 .text.tcp_seg_copy
                0x08007fac       0x48 cmake/stm32cubemx/CMakeFiles/LwIP.dir/__/__/Middlewares/Third_Party/LwIP/src/core/tcp.c.obj
                0x08007fac                tcp_seg_copy
 .text.tcp_arg  0x08007ff4        0x6 cmake/stm32cubemx/CMakeFiles/LwIP.dir/__/__/Middlewares/Third_Party/LwIP/src/core/tcp.c.obj
                0x08007ff4                tcp_arg
 *fill*         0x08007ffa        0x2 
 .text.tcp_recv
                0x08007ffc       0x30 cmake/stm32cubemx/CMakeFiles/LwIP.dir/__/__/Middlewares/Third_Party/LwIP/src/core/tcp.c.obj
                0x08007ffc                tcp_recv
 .text.tcp_sent
                0x0800802c       0x30 cmake/stm32cubemx/CMakeFiles/LwIP.dir/__/__/Middlewares/Third_Party/LwIP/src/core/tcp.c.obj
                0x0800802c                tcp_sent
 .text.tcp_err  0x0800805c       0x30 cmake/stm32cubemx/CMakeFiles/LwIP.dir/__/__/Middlewares/Third_Party/LwIP/src/core/tcp.c.obj
                0x0800805c                tcp_err
 .text.tcp_accept
                0x0800808c        0xc cmake/stm32cubemx/CMakeFiles/LwIP.dir/__/__/Middlewares/Third_Party/LwIP/src/core/tcp.c.obj
                0x0800808c                tcp_accept
 .text.tcp_poll
                0x08008098       0x48 cmake/stm32cubemx/CMakeFiles/LwIP.dir/__/__/Middlewares/Third_Party/LwIP/src/core/tcp.c.obj
                0x08008098                tcp_poll
 .text.tcp_next_iss
                0x080080e0       0x34 cmake/stm32cubemx/CMakeFiles/LwIP.dir/__/__/Middlewares/Third_Party/LwIP/src/core/tcp.c.obj
                0x080080e0                tcp_next_iss
 .text.tcp_eff_send_mss_netif
                0x08008114       0x3c cmake/stm32cubemx/CMakeFiles/LwIP.dir/__/__/Middlewares/Third_Party/LwIP/src/core/tcp.c.obj
                0x08008114                tcp_eff_send_mss_netif
 .text.tcp_connect
                0x08008150      0x130 cmake/stm32cubemx/CMakeFiles/LwIP.dir/__/__/Middlewares/Third_Party/LwIP/src/core/tcp.c.obj
                0x08008150                tcp_connect
 .text.tcp_free_ooseq
                0x08008280       0x12 cmake/stm32cubemx/CMakeFiles/LwIP.dir/__/__/Middlewares/Third_Party/LwIP/src/core/tcp.c.obj
                0x08008280                tcp_free_ooseq
 *fill*         0x08008292        0x2 
 .text.tcp_pcb_purge
                0x08008294       0x64 cmake/stm32cubemx/CMakeFiles/LwIP.dir/__/__/Middlewares/Third_Party/LwIP/src/core/tcp.c.obj
                0x08008294                tcp_pcb_purge
 .text.tcp_pcb_remove
                0x080082f8       0xcc cmake/stm32cubemx/CMakeFiles/LwIP.dir/__/__/Middlewares/Third_Party/LwIP/src/core/tcp.c.obj
                0x080082f8                tcp_pcb_remove
 .text.tcp_abandon
                0x080083c4      0x10c cmake/stm32cubemx/CMakeFiles/LwIP.dir/__/__/Middlewares/Third_Party/LwIP/src/core/tcp.c.obj
                0x080083c4                tcp_abandon
 .text.tcp_abort
                0x080084d0        0x6 cmake/stm32cubemx/CMakeFiles/LwIP.dir/__/__/Middlewares/Third_Party/LwIP/src/core/tcp.c.obj
                0x080084d0                tcp_abort
 *fill*         0x080084d6        0x2 
 .text.tcp_accept_null
                0x080084d8       0x2c cmake/stm32cubemx/CMakeFiles/LwIP.dir/__/__/Middlewares/Third_Party/LwIP/src/core/tcp.c.obj
 .text.tcp_netif_ip_addr_changed_pcblist
                0x08008504       0x3c cmake/stm32cubemx/CMakeFiles/LwIP.dir/__/__/Middlewares/Third_Party/LwIP/src/core/tcp.c.obj
 .text.tcp_netif_ip_addr_changed
                0x08008540       0x48 cmake/stm32cubemx/CMakeFiles/LwIP.dir/__/__/Middlewares/Third_Party/LwIP/src/core/tcp.c.obj
                0x08008540                tcp_netif_ip_addr_changed
 .text.tcp_kill_state
                0x08008588       0x3c cmake/stm32cubemx/CMakeFiles/LwIP.dir/__/__/Middlewares/Third_Party/LwIP/src/core/tcp.c.obj
 .text.tcp_alloc
                0x080085c4      0x134 cmake/stm32cubemx/CMakeFiles/LwIP.dir/__/__/Middlewares/Third_Party/LwIP/src/core/tcp.c.obj
                0x080085c4                tcp_alloc
 .text.tcp_new_ip_type
                0x080086f8        0x6 cmake/stm32cubemx/CMakeFiles/LwIP.dir/__/__/Middlewares/Third_Party/LwIP/src/core/tcp.c.obj
                0x080086f8                tcp_new_ip_type
 *fill*         0x080086fe        0x2 
 .text.tcp_close_shutdown
                0x08008700      0x164 cmake/stm32cubemx/CMakeFiles/LwIP.dir/__/__/Middlewares/Third_Party/LwIP/src/core/tcp.c.obj
 .text.tcp_close
                0x08008864       0x3c cmake/stm32cubemx/CMakeFiles/LwIP.dir/__/__/Middlewares/Third_Party/LwIP/src/core/tcp.c.obj
                0x08008864                tcp_close
 .text.tcp_recv_null
                0x080088a0       0x48 cmake/stm32cubemx/CMakeFiles/LwIP.dir/__/__/Middlewares/Third_Party/LwIP/src/core/tcp.c.obj
                0x080088a0                tcp_recv_null
 .text.tcp_process_refused_data
                0x080088e8       0x88 cmake/stm32cubemx/CMakeFiles/LwIP.dir/__/__/Middlewares/Third_Party/LwIP/src/core/tcp.c.obj
                0x080088e8                tcp_process_refused_data
 .text.tcp_fasttmr
                0x08008970       0x80 cmake/stm32cubemx/CMakeFiles/LwIP.dir/__/__/Middlewares/Third_Party/LwIP/src/core/tcp.c.obj
                0x08008970                tcp_fasttmr
 .text.tcp_shutdown